22:30:44 **** Build of configuration Debug for project master ****
make pre-build main-build 
a9-linaro-pre-build-step
' '
'Building file: ../src/master.c'
'Invoking: ARM v7 gcc compiler'
arm-none-eabi-gcc -Wall -O3 -g3 -c -fmessage-length=0 -MT"src/master.o" -mcpu=cortex-a9 -mfpu=neon -mfloat-abi=hard -std=c99 -mvectorize-with-neon-quad -ftree-vectorize -fopt-info-vec-optimized -fopt-info-vec-missed -ffast-math -I../../master_bsp/ps7_cortexa9_0/include -MMD -MP -MF"src/master.d" -MT"src/master.o" -o "src/master.o" "../src/master.c"
In file included from ../src/master.c:5:
../../master_bsp/ps7_cortexa9_0/include/xtime_l.h:87:9: note: #pragma message: For the sleep routines, Global timer is being used
 #pragma message ("For the sleep routines, Global timer is being used")
         ^~~~~~~
In file included from ../src/master.c:6:
../src/master.c: In function 'main':
../src/shared.h:30:16: warning: passing argument 2 of 'vec_add_serial' discards 'volatile' qualifier from pointer target type [-Wdiscarded-qualifiers]
 #define SHARED ((volatile shared_mem_t *)SHARED_BASE)
../src/master.c:54:30: note: in expansion of macro 'SHARED'
     vec_add_serial(C_serial, SHARED->A, SHARED->B, ARRAY_SIZE);
                              ^~~~~~
../src/master.c:13:42: note: expected 'const u32 * restrict' {aka 'const long unsigned int * restrict'} but argument is of type 'volatile u32 *' {aka 'volatile long unsigned int *'}
                     const u32 * restrict a,
                     ~~~~~~~~~~~~~~~~~~~~~^
In file included from ../src/master.c:6:
../src/shared.h:30:16: warning: passing argument 3 of 'vec_add_serial' discards 'volatile' qualifier from pointer target type [-Wdiscarded-qualifiers]
 #define SHARED ((volatile shared_mem_t *)SHARED_BASE)
../src/master.c:54:41: note: in expansion of macro 'SHARED'
     vec_add_serial(C_serial, SHARED->A, SHARED->B, ARRAY_SIZE);
                                         ^~~~~~
../src/master.c:14:42: note: expected 'const u32 * restrict' {aka 'const long unsigned int * restrict'} but argument is of type 'volatile u32 *' {aka 'volatile long unsigned int *'}
                     const u32 * restrict b,
                     ~~~~~~~~~~~~~~~~~~~~~^
../src/master.c:17:5: note: Unknown misalignment, naturally aligned
../src/master.c:17:5: note: Unknown misalignment, naturally aligned
../src/master.c:17:5: note: Unknown misalignment, naturally aligned
../src/master.c:17:5: note: not ssa-name.
../src/master.c:17:5: note: use not simple.
../src/master.c:17:5: note: not ssa-name.
../src/master.c:17:5: note: use not simple.
../src/master.c:17:5: note: can't use a fully-masked loop because the target doesn't have the appropriate masked load or store.
../src/master.c:17:5: note: not ssa-name.
../src/master.c:17:5: note: use not simple.
../src/master.c:17:5: note: not ssa-name.
../src/master.c:17:5: note: use not simple.
../src/master.c:17:5: note: loop vectorized
../src/master.c:17:5: note: not vectorized: not enough data-refs in basic block.
../src/master.c:17:5: note: not vectorized: not enough data-refs in basic block.
../src/master.c:17:5: note: not vectorized: not enough data-refs in basic block.
../src/master.c:18:14: note: not vectorized: no vectype for stmt: vect__4.15_44 = MEM[(const u32 *)vectp_a.13_42];
 scalar_type: const vector(4) long unsigned int
../src/master.c:18:14: note: not vectorized: no vectype for stmt: vect__6.18_47 = MEM[(const u32 *)vectp_b.16_45];
 scalar_type: const vector(4) long unsigned int
../src/master.c:18:14: note: not vectorized: no vectype for stmt: MEM[(u32 *)vectp_c.20_49] = vect__8.19_48;
 scalar_type: vector(4) long unsigned int
../src/master.c:18:14: note: not vectorized: no grouped stores in basic block.
../src/master.c:18:14: note: not vectorized: not enough data-refs in basic block.
../src/master.c:17:5: note: not consecutive access _4 = *_3;
../src/master.c:17:5: note: not consecutive access _6 = *_5;
../src/master.c:17:5: note: not consecutive access *_7 = _8;
../src/master.c:17:5: note: not vectorized: no grouped stores in basic block.
../src/master.c:17:5: note: not consecutive access _58 = *_57;
../src/master.c:17:5: note: not consecutive access _60 = *_59;
../src/master.c:17:5: note: not consecutive access *_61 = _62;
../src/master.c:17:5: note: not vectorized: no grouped stores in basic block.
../src/master.c:17:28: note: not consecutive access _25 = *_26;
../src/master.c:17:28: note: not consecutive access _23 = *_24;
../src/master.c:17:28: note: not consecutive access *_19 = _18;
../src/master.c:17:28: note: not vectorized: no grouped stores in basic block.
../src/master.c:20:1: note: not vectorized: not enough data-refs in basic block.
../src/master.c:109:5: note: not vectorized: empty loop.
../src/master.c:109:5: note: bad loop form.
../src/master.c:102:5: note: not vectorized: base addr of dr is a constant
../src/master.c:102:5: note: bad data references.
../src/master.c:102:5: note: not vectorized: base addr of dr is a constant
../src/master.c:102:5: note: not vectorized: not enough data-refs in basic block.
../src/master.c:85:11: note: not vectorized: number of iterations cannot be computed.
../src/master.c:85:11: note: bad loop form.
../src/master.c:79:5: note: not vectorized: base addr of dr is a constant
../src/master.c:79:5: note: bad data references.
../src/master.c:63:7: note: not vectorized: base addr of dr is a constant
../src/master.c:63:7: note: bad data references.
../src/master.c:17:5: note: not vectorized: base addr of dr is a constant
../src/master.c:17:5: note: bad data references.
../src/master.c:42:5: note: not vectorized: base addr of dr is a constant
../src/master.c:42:5: note: bad data references.
../src/master.c:34:11: note: not vectorized: number of iterations cannot be computed.
../src/master.c:34:11: note: bad loop form.
../src/master.c:27:5: note: not vectorized: not enough data-refs in basic block.
../src/master.c:28:5: note: not vectorized: not enough data-refs in basic block.
../src/master.c:29:2: note: not vectorized: not enough data-refs in basic block.
../src/master.c:30:5: note: not vectorized: not enough data-refs in basic block.
../src/master.c:31:8: note: not vectorized: not enough data-refs in basic block.
../src/master.c:31:8: note: not vectorized: not enough data-refs in basic block.
../src/master.c:34:11: note: not vectorized: base addr of dr is a constant
../src/master.c:34:11: note: not vectorized: not enough data-refs in basic block.
../src/master.c:39:19: note: not vectorized: base addr of dr is a constant
../src/master.c:39:19: note: not vectorized: not enough data-refs in basic block.
../src/master.c:42:5: note: not vectorized: base addr of dr is a constant
../src/master.c:42:5: note: not vectorized: not enough data-refs in basic block.
../src/master.c:51:5: note: not vectorized: not enough data-refs in basic block.
../src/master.c:53:13: note: not vectorized: base addr of dr is a constant
../src/master.c:53:13: note: not vectorized: not enough data-refs in basic block.
../src/master.c:17:5: note: not consecutive access *_69 = _70;
../src/master.c:17:5: note: not vectorized: no grouped stores in basic block.
../src/master.c:59:5: note: not vectorized: base addr of dr is a constant
../src/master.c:59:5: note: not vectorized: not enough data-refs in basic block.
../src/master.c:59:5: note: not vectorized: not enough data-refs in basic block.
../src/master.c:63:7: note: not vectorized: base addr of dr is a constant
../src/master.c:63:7: note: not vectorized: not enough data-refs in basic block.
../src/master.c:70:5: note: not vectorized: not enough data-refs in basic block.
../src/master.c:76:19: note: not vectorized: base addr of dr is a constant
../src/master.c:76:19: note: not vectorized: not enough data-refs in basic block.
../src/master.c:79:5: note: not vectorized: base addr of dr is a constant
../src/master.c:79:5: note: not vectorized: not enough data-refs in basic block.
../src/master.c:82:19: note: not vectorized: base addr of dr is a constant
../src/master.c:82:19: note: not vectorized: not enough data-refs in basic block.
../src/master.c:85:11: note: not vectorized: base addr of dr is a constant
../src/master.c:85:11: note: not vectorized: not enough data-refs in basic block.
../src/master.c:94:5: note: not vectorized: base addr of dr is a constant
../src/master.c:94:5: note: not vectorized: not enough data-refs in basic block.
../src/master.c:95:5: note: not vectorized: not enough data-refs in basic block.
../src/master.c:96:5: note: not vectorized: not enough data-refs in basic block.
../src/master.c:97:5: note: not vectorized: not enough data-refs in basic block.
../src/master.c:97:5: note: not vectorized: not enough data-refs in basic block.
../src/master.c:103:12: note: not vectorized: base addr of dr is a constant
../src/master.c:103:12: note: not vectorized: not enough data-refs in basic block.
../src/master.c:104:19: note: not vectorized: not enough data-refs in basic block.
../src/master.c:102:5: note: not vectorized: not enough data-refs in basic block.
../src/master.c:107:5: note: not vectorized: not enough data-refs in basic block.
../src/master.c:107:5: note: not vectorized: not enough data-refs in basic block.
'Finished building: ../src/master.c'
' '
'Building file: ../src/platform.c'
'Invoking: ARM v7 gcc compiler'
arm-none-eabi-gcc -Wall -O3 -g3 -c -fmessage-length=0 -MT"src/platform.o" -mcpu=cortex-a9 -mfpu=neon -mfloat-abi=hard -std=c99 -mvectorize-with-neon-quad -ftree-vectorize -fopt-info-vec-optimized -fopt-info-vec-missed -ffast-math -I../../master_bsp/ps7_cortexa9_0/include -MMD -MP -MF"src/platform.d" -MT"src/platform.o" -o "src/platform.o" "../src/platform.c"
../src/platform.c:66:1: note: not vectorized: not enough data-refs in basic block.
../src/platform.c:66:1: note: not vectorized: not enough data-refs in basic block.
../src/platform.c:66:1: note: not vectorized: not enough data-refs in basic block.
../src/platform.c:66:1: note: not vectorized: not enough data-refs in basic block.
../src/platform.c:66:1: note: not vectorized: not enough data-refs in basic block.
'Finished building: ../src/platform.c'
' '
'Building target: master.elf'
'Invoking: ARM v7 gcc linker'
arm-none-eabi-gcc -mcpu=cortex-a9 -mfpu=neon -mfloat-abi=hard -std=c99 -mvectorize-with-neon-quad -ftree-vectorize -Wl,-build-id=none -specs=Xilinx.spec -Wl,-T -Wl,../src/lscript.ld -L../../master_bsp/ps7_cortexa9_0/lib -o "master.elf"  ./src/master.o ./src/platform.o   -Wl,--start-group,-lxil,-lgcc,-lc,--end-group
'Finished building target: master.elf'
' '
'Invoking: ARM v7 Print Size'
arm-none-eabi-size master.elf  |tee "master.elf.size"
   text	   data	    bss	    dec	    hex	filename
  33696	   1544	  23672	  58912	   e620	master.elf
'Finished building: master.elf.size'
' '
