13:44:04 **** Incremental Build of configuration Debug for project master ****
make pre-build main-build 
a9-linaro-pre-build-step
' '
'Building file: ../src/master.c'
'Invoking: ARM v7 gcc compiler'
arm-none-eabi-gcc -Wall -O3 -g3 -c -fmessage-length=0 -MT"src/master.o" -mcpu=cortex-a9 -mfpu=neon -mfloat-abi=hard -std=c99 -mvectorize-with-neon-quad -ftree-vectorize -fopt-info-vec-optimized -fopt-info-vec-missed -ffast-math -I../../master_bsp/ps7_cortexa9_0/include -MMD -MP -MF"src/master.d" -MT"src/master.o" -o "src/master.o" "../src/master.c"
In file included from ../src/master.c:39:
../../master_bsp/ps7_cortexa9_0/include/xtime_l.h:87:9: note: #pragma message: For the sleep routines, Global timer is being used
 #pragma message ("For the sleep routines, Global timer is being used")
         ^~~~~~~
../src/master.c:65:5: note: Unknown misalignment, naturally aligned
../src/master.c:65:5: note: Unknown misalignment, naturally aligned
../src/master.c:65:5: note: Unknown misalignment, naturally aligned
../src/master.c:65:5: note: not ssa-name.
../src/master.c:65:5: note: use not simple.
../src/master.c:65:5: note: not ssa-name.
../src/master.c:65:5: note: use not simple.
../src/master.c:65:5: note: can't use a fully-masked loop because the target doesn't have the appropriate masked load or store.
../src/master.c:65:5: note: not ssa-name.
../src/master.c:65:5: note: use not simple.
../src/master.c:65:5: note: not ssa-name.
../src/master.c:65:5: note: use not simple.
../src/master.c:65:5: note: loop vectorized
../src/master.c:65:5: note: not vectorized: not enough data-refs in basic block.
../src/master.c:65:5: note: not vectorized: not enough data-refs in basic block.
../src/master.c:65:5: note: not vectorized: not enough data-refs in basic block.
../src/master.c:66:14: note: not vectorized: no vectype for stmt: vect__4.15_44 = MEM[(const u32 *)vectp_a.13_42];
 scalar_type: const vector(4) long unsigned int
../src/master.c:66:14: note: not vectorized: no vectype for stmt: vect__6.18_47 = MEM[(const u32 *)vectp_b.16_45];
 scalar_type: const vector(4) long unsigned int
../src/master.c:66:14: note: not vectorized: no vectype for stmt: MEM[(u32 *)vectp_c.20_49] = vect__8.19_48;
 scalar_type: vector(4) long unsigned int
../src/master.c:66:14: note: not vectorized: no grouped stores in basic block.
../src/master.c:66:14: note: not vectorized: not enough data-refs in basic block.
../src/master.c:65:5: note: not consecutive access _4 = *_3;
../src/master.c:65:5: note: not consecutive access _6 = *_5;
../src/master.c:65:5: note: not consecutive access *_7 = _8;
../src/master.c:65:5: note: not vectorized: no grouped stores in basic block.
../src/master.c:65:5: note: not consecutive access _58 = *_57;
../src/master.c:65:5: note: not consecutive access _60 = *_59;
../src/master.c:65:5: note: not consecutive access *_61 = _62;
../src/master.c:65:5: note: not vectorized: no grouped stores in basic block.
../src/master.c:65:28: note: not consecutive access _25 = *_26;
../src/master.c:65:28: note: not consecutive access _23 = *_24;
../src/master.c:65:28: note: not consecutive access *_19 = _18;
../src/master.c:65:28: note: not vectorized: no grouped stores in basic block.
../src/master.c:68:1: note: not vectorized: not enough data-refs in basic block.
../src/master.c:204:5: note: not vectorized: empty loop.
../src/master.c:204:5: note: bad loop form.
../src/master.c:197:5: note: not vectorized: base addr of dr is a constant
../src/master.c:197:5: note: bad data references.
../src/master.c:197:5: note: not vectorized: base addr of dr is a constant
../src/master.c:197:5: note: not vectorized: not enough data-refs in basic block.
../src/master.c:173:11: note: not vectorized: number of iterations cannot be computed.
../src/master.c:173:11: note: bad loop form.
../src/master.c:165:5: note: not vectorized: base addr of dr is a constant
../src/master.c:165:5: note: bad data references.
../src/master.c:152:11: note: not vectorized: number of iterations cannot be computed.
../src/master.c:152:11: note: bad loop form.
../src/master.c:140:7: note: not vectorized: base addr of dr is a constant
../src/master.c:140:7: note: bad data references.
../src/master.c:65:5: note: not vectorized: base addr of dr is a constant
../src/master.c:65:5: note: bad data references.
../src/master.c:113:5: note: not vectorized: base addr of dr is a constant
../src/master.c:113:5: note: bad data references.
../src/master.c:95:11: note: not vectorized: number of iterations cannot be computed.
../src/master.c:95:11: note: bad loop form.
../src/master.c:80:5: note: not vectorized: not enough data-refs in basic block.
../src/master.c:81:5: note: not vectorized: not enough data-refs in basic block.
../src/master.c:84:5: note: not vectorized: not enough data-refs in basic block.
../src/master.c:85:5: note: not vectorized: not enough data-refs in basic block.
../src/master.c:86:8: note: not vectorized: not enough data-refs in basic block.
../src/master.c:86:8: note: not vectorized: not enough data-refs in basic block.
../src/master.c:95:11: note: not vectorized: base addr of dr is a constant
../src/master.c:95:11: note: not vectorized: not enough data-refs in basic block.
../src/master.c:122:5: note: not vectorized: base addr of dr is a constant
../src/master.c:122:5: note: not vectorized: not enough data-refs in basic block.
../src/master.c:136:5: note: not vectorized: base addr of dr is a constant
../src/master.c:136:5: note: not vectorized: not enough data-refs in basic block.
../src/master.c:149:5: note: not vectorized: base addr of dr is a constant
../src/master.c:149:5: note: not vectorized: not enough data-refs in basic block.
../src/master.c:149:5: note: not vectorized: not enough data-refs in basic block.
../src/master.c:152:11: note: not vectorized: base addr of dr is a constant
../src/master.c:152:11: note: not vectorized: not enough data-refs in basic block.
../src/master.c:154:5: note: not vectorized: not enough data-refs in basic block.
../src/master.c:169:19: note: not vectorized: base addr of dr is a constant
../src/master.c:169:19: note: not vectorized: not enough data-refs in basic block.
../src/master.c:173:11: note: not vectorized: base addr of dr is a constant
../src/master.c:173:11: note: not vectorized: not enough data-refs in basic block.
../src/master.c:181:8: note: not vectorized: base addr of dr is a constant
../src/master.c:181:8: note: not vectorized: not enough data-refs in basic block.
../src/master.c:185:5: note: not vectorized: not enough data-refs in basic block.
../src/master.c:186:5: note: not vectorized: not enough data-refs in basic block.
../src/master.c:187:5: note: not vectorized: not enough data-refs in basic block.
../src/master.c:188:5: note: not vectorized: not enough data-refs in basic block.
../src/master.c:198:12: note: not vectorized: base addr of dr is a constant
../src/master.c:198:12: note: not vectorized: not enough data-refs in basic block.
../src/master.c:199:19: note: not vectorized: not enough data-refs in basic block.
../src/master.c:198:12: note: not vectorized: base addr of dr is a constant
../src/master.c:198:12: note: not vectorized: not enough data-refs in basic block.
../src/master.c:199:19: note: not vectorized: not enough data-refs in basic block.
../src/master.c:198:12: note: not vectorized: base addr of dr is a constant
../src/master.c:198:12: note: not vectorized: not enough data-refs in basic block.
../src/master.c:199:19: note: not vectorized: not enough data-refs in basic block.
../src/master.c:198:12: note: not vectorized: base addr of dr is a constant
../src/master.c:198:12: note: not vectorized: not enough data-refs in basic block.
../src/master.c:199:19: note: not vectorized: not enough data-refs in basic block.
../src/master.c:198:12: note: not vectorized: base addr of dr is a constant
../src/master.c:198:12: note: not vectorized: not enough data-refs in basic block.
../src/master.c:199:19: note: not vectorized: not enough data-refs in basic block.
../src/master.c:198:12: note: not vectorized: base addr of dr is a constant
../src/master.c:198:12: note: not vectorized: not enough data-refs in basic block.
../src/master.c:199:19: note: not vectorized: not enough data-refs in basic block.
../src/master.c:198:12: note: not vectorized: base addr of dr is a constant
../src/master.c:198:12: note: not vectorized: not enough data-refs in basic block.
../src/master.c:199:19: note: not vectorized: not enough data-refs in basic block.
../src/master.c:198:12: note: not vectorized: base addr of dr is a constant
../src/master.c:198:12: note: not vectorized: not enough data-refs in basic block.
../src/master.c:199:19: note: not vectorized: not enough data-refs in basic block.
../src/master.c:198:12: note: not vectorized: base addr of dr is a constant
../src/master.c:198:12: note: not vectorized: not enough data-refs in basic block.
../src/master.c:199:19: note: not vectorized: not enough data-refs in basic block.
../src/master.c:198:12: note: not vectorized: base addr of dr is a constant
../src/master.c:198:12: note: not vectorized: not enough data-refs in basic block.
../src/master.c:199:19: note: not vectorized: not enough data-refs in basic block.
../src/master.c:202:5: note: not vectorized: not enough data-refs in basic block.
../src/master.c:202:5: note: not vectorized: not enough data-refs in basic block.
'Finished building: ../src/master.c'
' '
'Building target: master.elf'
'Invoking: ARM v7 gcc linker'
arm-none-eabi-gcc -mcpu=cortex-a9 -mfpu=neon -mfloat-abi=hard -std=c99 -mvectorize-with-neon-quad -ftree-vectorize -Wl,-build-id=none -specs=Xilinx.spec -Wl,-T -Wl,../src/lscript.ld -L../../master_bsp/ps7_cortexa9_0/lib -o "master.elf"  ./src/master.o ./src/platform.o ./src/timer_ps.o   -Wl,--start-group,-lxil,-lgcc,-lc,--end-group
'Finished building target: master.elf'
' '
'Invoking: ARM v7 Print Size'
arm-none-eabi-size master.elf  |tee "master.elf.size"
   text	   data	    bss	    dec	    hex	filename
  35012	   1552	  23336	  59900	   e9fc	master.elf
'Finished building: master.elf.size'
' '

13:44:06 Build Finished (took 1s.202ms)

