#-----------------------------------------------------------
# Webtalk v2019.1 (64-bit)
# SW Build 2552052 on Fri May 24 14:49:42 MDT 2019
# 
# Start of session at: Tue Dec  2 17:11:16 2025
# Process ID: 9768
# Current directory: C:/Users/Lello/Desktop/AES/Lab4Prova/audio_lab_passthrough-main_2025/audio_lab_passthrough-main/audio_lab_z7/audio_lab/audio_lab.sdk/webtalk
# Command line: wbtcv.exe -mode batch -source sdk_webtalk.tcl
# Log file: C:/Users/Lello/Desktop/AES/Lab4Prova/audio_lab_passthrough-main_2025/audio_lab_passthrough-main/audio_lab_z7/audio_lab/audio_lab.sdk/webtalk/webtalk.log
# Journal file: C:/Users/Lello/Desktop/AES/Lab4Prova/audio_lab_passthrough-main_2025/audio_lab_passthrough-main/audio_lab_z7/audio_lab/audio_lab.sdk/webtalk\webtalk.jou
#-----------------------------------------------------------
source sdk_webtalk.tcl
# webtalk_init -webtalk_dir C:\\Users\\Lello\\Desktop\\AES\\Lab4Prova\\audio_lab_passthrough-main_2025\\audio_lab_passthrough-main\\audio_lab_z7\\audio_lab\\audio_lab.sdk\\webtalk
# webtalk_register_client -client project
# webtalk_add_data -client project -key date_generated -value "2025-12-02 17:11:15" -context "software_version_and_target_device"
# webtalk_add_data -client project -key product_version -value "SDK v2019.1" -context "software_version_and_target_device"
# webtalk_add_data -client project -key build_version -value "2019.1" -context "software_version_and_target_device"
# webtalk_add_data -client project -key os_platform -value "amd64" -context "software_version_and_target_device"
# webtalk_add_data -client project -key registration_id -value "" -context "software_version_and_target_device"
# webtalk_add_data -client project -key tool_flow -value "SDK" -context "software_version_and_target_device"
# webtalk_add_data -client project -key beta -value "false" -context "software_version_and_target_device"
# webtalk_add_data -client project -key route_design -value "NA" -context "software_version_and_target_device"
# webtalk_add_data -client project -key target_family -value "NA" -context "software_version_and_target_device"
# webtalk_add_data -client project -key target_device -value "NA" -context "software_version_and_target_device"
# webtalk_add_data -client project -key target_package -value "NA" -context "software_version_and_target_device"
# webtalk_add_data -client project -key target_speed -value "NA" -context "software_version_and_target_device"
# webtalk_add_data -client project -key random_id -value "lutvrfa5g1epfmgi1n6lh0i8p1" -context "software_version_and_target_device"
# webtalk_add_data -client project -key project_id -value "2019.1_14" -context "software_version_and_target_device"
# webtalk_add_data -client project -key project_iteration -value "14" -context "software_version_and_target_device"
# webtalk_add_data -client project -key os_name -value "Microsoft Windows 8 or later , 64-bit" -context "user_environment"
# webtalk_add_data -client project -key os_release -value "major release  (build 9200)" -context "user_environment"
# webtalk_add_data -client project -key cpu_name -value "Intel(R) Core(TM) i7-8700K CPU @ 3.70GHz" -context "user_environment"
# webtalk_add_data -client project -key cpu_speed -value "3696 MHz" -context "user_environment"
# webtalk_add_data -client project -key total_processors -value "1" -context "user_environment"
# webtalk_add_data -client project -key system_ram -value "34.200 GB" -context "user_environment"
# webtalk_register_client -client sdk
# webtalk_add_data -client sdk -key uid -value "1764690323153" -context "sdk\\\\bsp/1764690323153"
# webtalk_add_data -client sdk -key hwid -value "1636631749000" -context "sdk\\\\bsp/1764690323153"
# webtalk_add_data -client sdk -key os -value "standalone" -context "sdk\\\\bsp/1764690323153"
# webtalk_add_data -client sdk -key apptemplate -value "hello_world" -context "sdk\\\\bsp/1764690323153"
# webtalk_add_data -client sdk -key RecordType -value "BSPCreation" -context "sdk\\\\bsp/1764690323153"
# webtalk_add_data -client sdk -key uid -value "1764690325840" -context "sdk\\\\application/1764690325840"
# webtalk_add_data -client sdk -key hwid -value "1636631749000" -context "sdk\\\\application/1764690325840"
# webtalk_add_data -client sdk -key bspid -value "1764690323153" -context "sdk\\\\application/1764690325840"
# webtalk_add_data -client sdk -key newbsp -value "true" -context "sdk\\\\application/1764690325840"
# webtalk_add_data -client sdk -key os -value "standalone" -context "sdk\\\\application/1764690325840"
# webtalk_add_data -client sdk -key apptemplate -value "hello_world" -context "sdk\\\\application/1764690325840"
# webtalk_add_data -client sdk -key RecordType -value "APPCreation" -context "sdk\\\\application/1764690325840"
# webtalk_add_data -client sdk -key LangUsed -value "C" -context "sdk\\\\application/1764690325840"
# webtalk_add_data -client sdk -key Procused -value "ps7_cortexa9" -context "sdk\\\\application/1764690325840"
# webtalk_add_data -client sdk -key uid -value "1764690413538" -context "sdk\\\\bsp/1764690413538"
# webtalk_add_data -client sdk -key hwid -value "1636631749000" -context "sdk\\\\bsp/1764690413538"
# webtalk_add_data -client sdk -key os -value "standalone" -context "sdk\\\\bsp/1764690413538"
# webtalk_add_data -client sdk -key apptemplate -value "hello_world" -context "sdk\\\\bsp/1764690413538"
# webtalk_add_data -client sdk -key RecordType -value "BSPCreation" -context "sdk\\\\bsp/1764690413538"
# webtalk_add_data -client sdk -key uid -value "1764690415822" -context "sdk\\\\application/1764690415822"
# webtalk_add_data -client sdk -key hwid -value "1636631749000" -context "sdk\\\\application/1764690415822"
# webtalk_add_data -client sdk -key bspid -value "1764690413538" -context "sdk\\\\application/1764690415822"
# webtalk_add_data -client sdk -key newbsp -value "true" -context "sdk\\\\application/1764690415822"
# webtalk_add_data -client sdk -key os -value "standalone" -context "sdk\\\\application/1764690415822"
# webtalk_add_data -client sdk -key apptemplate -value "hello_world" -context "sdk\\\\application/1764690415822"
# webtalk_add_data -client sdk -key RecordType -value "APPCreation" -context "sdk\\\\application/1764690415822"
# webtalk_add_data -client sdk -key LangUsed -value "C" -context "sdk\\\\application/1764690415822"
# webtalk_add_data -client sdk -key Procused -value "ps7_cortexa9" -context "sdk\\\\application/1764690415822"
# webtalk_add_data -client sdk -key uid -value "1764691427372" -context "sdk\\\\bsp/1764691427372"
# webtalk_add_data -client sdk -key hwid -value "1636631749000" -context "sdk\\\\bsp/1764691427372"
# webtalk_add_data -client sdk -key os -value "standalone" -context "sdk\\\\bsp/1764691427372"
# webtalk_add_data -client sdk -key apptemplate -value "hello_world" -context "sdk\\\\bsp/1764691427372"
# webtalk_add_data -client sdk -key RecordType -value "BSPCreation" -context "sdk\\\\bsp/1764691427372"
# webtalk_add_data -client sdk -key uid -value "1764691429301" -context "sdk\\\\application/1764691429301"
# webtalk_add_data -client sdk -key hwid -value "1636631749000" -context "sdk\\\\application/1764691429301"
# webtalk_add_data -client sdk -key bspid -value "1764691427372" -context "sdk\\\\application/1764691429301"
# webtalk_add_data -client sdk -key newbsp -value "true" -context "sdk\\\\application/1764691429301"
# webtalk_add_data -client sdk -key os -value "standalone" -context "sdk\\\\application/1764691429301"
# webtalk_add_data -client sdk -key apptemplate -value "hello_world" -context "sdk\\\\application/1764691429301"
# webtalk_add_data -client sdk -key RecordType -value "APPCreation" -context "sdk\\\\application/1764691429301"
# webtalk_add_data -client sdk -key LangUsed -value "C" -context "sdk\\\\application/1764691429301"
# webtalk_add_data -client sdk -key Procused -value "ps7_cortexa9" -context "sdk\\\\application/1764691429301"
# webtalk_add_data -client sdk -key projSize -value "260.65625" -context "sdk\\\\application/1764691429301"
# webtalk_add_data -client sdk -key uid -value "1764691467681" -context "sdk\\\\bsp/1764691467681"
# webtalk_add_data -client sdk -key hwid -value "1636631749000" -context "sdk\\\\bsp/1764691467681"
# webtalk_add_data -client sdk -key os -value "standalone" -context "sdk\\\\bsp/1764691467681"
# webtalk_add_data -client sdk -key apptemplate -value "hello_world" -context "sdk\\\\bsp/1764691467681"
# webtalk_add_data -client sdk -key RecordType -value "BSPCreation" -context "sdk\\\\bsp/1764691467681"
# webtalk_add_data -client sdk -key uid -value "1764691470962" -context "sdk\\\\application/1764691470962"
# webtalk_add_data -client sdk -key hwid -value "1636631749000" -context "sdk\\\\application/1764691470962"
# webtalk_add_data -client sdk -key bspid -value "1764691467681" -context "sdk\\\\application/1764691470962"
# webtalk_add_data -client sdk -key newbsp -value "true" -context "sdk\\\\application/1764691470962"
# webtalk_add_data -client sdk -key os -value "standalone" -context "sdk\\\\application/1764691470962"
# webtalk_add_data -client sdk -key apptemplate -value "hello_world" -context "sdk\\\\application/1764691470962"
# webtalk_add_data -client sdk -key RecordType -value "APPCreation" -context "sdk\\\\application/1764691470962"
# webtalk_add_data -client sdk -key LangUsed -value "C" -context "sdk\\\\application/1764691470962"
# webtalk_add_data -client sdk -key Procused -value "ps7_cortexa9" -context "sdk\\\\application/1764691470962"
# webtalk_add_data -client sdk -key projSize -value "259.953125" -context "sdk\\\\application/1764691470962"
# webtalk_add_data -client sdk -key uid -value "NA" -context "sdk\\\\bsp/1764691875398"
# webtalk_add_data -client sdk -key RecordType -value "ToolUsage" -context "sdk\\\\bsp/1764691875398"
# webtalk_add_data -client sdk -key BootgenCount -value "0" -context "sdk\\\\bsp/1764691875398"
# webtalk_add_data -client sdk -key DebugCount -value "3" -context "sdk\\\\bsp/1764691875398"
# webtalk_add_data -client sdk -key PerfCount -value "0" -context "sdk\\\\bsp/1764691875398"
# webtalk_add_data -client sdk -key FlashCount -value "0" -context "sdk\\\\bsp/1764691875398"
# webtalk_add_data -client sdk -key CrossTriggCount -value "0" -context "sdk\\\\bsp/1764691875398"
# webtalk_add_data -client sdk -key QemuDebugCount -value "0" -context "sdk\\\\bsp/1764691875398"
# webtalk_transmit -clientid 822665512 -regid "" -xml C:\\Users\\Lello\\Desktop\\AES\\Lab4Prova\\audio_lab_passthrough-main_2025\\audio_lab_passthrough-main\\audio_lab_z7\\audio_lab\\audio_lab.sdk\\webtalk\\usage_statistics_ext_sdk.xml -html C:\\Users\\Lello\\Desktop\\AES\\Lab4Prova\\audio_lab_passthrough-main_2025\\audio_lab_passthrough-main\\audio_lab_z7\\audio_lab\\audio_lab.sdk\\webtalk\\usage_statistics_ext_sdk.html -wdm C:\\Users\\Lello\\Desktop\\AES\\Lab4Prova\\audio_lab_passthrough-main_2025\\audio_lab_passthrough-main\\audio_lab_z7\\audio_lab\\audio_lab.sdk\\webtalk\\sdk_webtalk.wdm -intro "<H3>SDK Usage Report</H3><BR>"
# webtalk_terminate
INFO: [Common 17-206] Exiting Webtalk at Tue Dec  2 17:12:26 2025...
