23:29:31 **** Incremental Build of configuration Debug for project lab3_step2_fir_filter ****
make pre-build main-build 
a9-linaro-pre-build-step
' '
make: Nothing to be done for 'main-build'.
23:29:36 **** Incremental Build of configuration Debug for project lab3_step2_fir_filter ****
make pre-build main-build 
a9-linaro-pre-build-step
' '
make: Nothing to be done for 'main-build'.
23:30:03 **** Incremental Build of configuration Debug for project lab3_step2_fir_filter ****
make pre-build main-build 
a9-linaro-pre-build-step
' '
make: Nothing to be done for 'main-build'.
23:31:39 **** Auto Build of configuration Debug for project lab3_step2_fir_filter ****
make pre-build main-build 
a9-linaro-pre-build-step
' '
'Building file: ../src/lab3_step2_fir_filter.c'
'Invoking: ARM v7 gcc compiler'
arm-none-eabi-gcc -Wall -O0 -g3 -c -fmessage-length=0 -MT"src/lab3_step2_fir_filter.o" -mcpu=cortex-a9 -mfpu=vfpv3 -mfloat-abi=hard -I../../lab3_step2_fir_filter_bsp/ps7_cortexa9_0/include -MMD -MP -MF"src/lab3_step2_fir_filter.d" -MT"src/lab3_step2_fir_filter.o" -o "src/lab3_step2_fir_filter.o" "../src/lab3_step2_fir_filter.c"
../src/lab3_step2_fir_filter.c:129:1: warning: "/*" within comment [-Wcomment]
 /* ------------------------------------------------------------ */
  
'Finished building: ../src/lab3_step2_fir_filter.c'
' '
'Building target: lab3_step2_fir_filter.elf'
'Invoking: ARM v7 gcc linker'
arm-none-eabi-gcc -mcpu=cortex-a9 -mfpu=vfpv3 -mfloat-abi=hard -Wl,-build-id=none -specs=Xilinx.spec -Wl,-T -Wl,../src/lscript.ld -L../../lab3_step2_fir_filter_bsp/ps7_cortexa9_0/lib -o "lab3_step2_fir_filter.elf"  ./src/lab3_step2_fir_filter.o ./src/platform.o ./src/timer_ps.o   -Wl,--start-group,-lxil,-lgcc,-lc,--end-group
'Finished building target: lab3_step2_fir_filter.elf'
' '
'Invoking: ARM v7 Print Size'
arm-none-eabi-size lab3_step2_fir_filter.elf  |tee "lab3_step2_fir_filter.elf.size"
   text	   data	    bss	    dec	    hex	filename
  40052	   4344	  23352	  67748	  108a4	lab3_step2_fir_filter.elf
'Finished building: lab3_step2_fir_filter.elf.size'
' '
23:31:40 **** Incremental Build of configuration Debug for project lab3_step1_loopback ****
make pre-build main-build 
a9-linaro-pre-build-step
' '
make: Nothing to be done for 'main-build'.
23:31:41 **** Incremental Build of configuration Debug for project lab3_step2_fir_filter ****
make pre-build main-build 
a9-linaro-pre-build-step
' '
make: Nothing to be done for 'main-build'.
23:31:41 **** Incremental Build of configuration Debug for project lab3_step3_fir_timing ****
make pre-build main-build 
a9-linaro-pre-build-step
' '
make: Nothing to be done for 'main-build'.
23:31:42 **** Incremental Build of configuration Debug for project test_adi ****
make pre-build main-build 
a9-linaro-pre-build-step
' '
make: Nothing to be done for 'main-build'.
23:31:57 **** Incremental Build of configuration Debug for project lab3_step2_fir_filter ****
make pre-build main-build 
a9-linaro-pre-build-step
' '
make: Nothing to be done for 'main-build'.
23:33:25 **** Incremental Build of configuration Debug for project lab3_step1_loopback ****
make pre-build main-build 
a9-linaro-pre-build-step
' '
make: Nothing to be done for 'main-build'.
23:33:26 **** Incremental Build of configuration Debug for project lab3_step2_fir_filter ****
make pre-build main-build 
a9-linaro-pre-build-step
' '
'Building file: ../src/lab3_step2_fir_filter.c'
'Invoking: ARM v7 gcc compiler'
arm-none-eabi-gcc -Wall -O0 -g3 -c -fmessage-length=0 -MT"src/lab3_step2_fir_filter.o" -mcpu=cortex-a9 -mfpu=vfpv3 -mfloat-abi=hard -I../../lab3_step2_fir_filter_bsp/ps7_cortexa9_0/include -MMD -MP -MF"src/lab3_step2_fir_filter.d" -MT"src/lab3_step2_fir_filter.o" -o "src/lab3_step2_fir_filter.o" "../src/lab3_step2_fir_filter.c"
../src/lab3_step2_fir_filter.c:129:1: warning: "/*" within comment [-Wcomment]
 /* ------------------------------------------------------------ */
  
'Finished building: ../src/lab3_step2_fir_filter.c'
' '
'Building target: lab3_step2_fir_filter.elf'
'Invoking: ARM v7 gcc linker'
arm-none-eabi-gcc -mcpu=cortex-a9 -mfpu=vfpv3 -mfloat-abi=hard -Wl,-build-id=none -specs=Xilinx.spec -Wl,-T -Wl,../src/lscript.ld -L../../lab3_step2_fir_filter_bsp/ps7_cortexa9_0/lib -o "lab3_step2_fir_filter.elf"  ./src/lab3_step2_fir_filter.o ./src/platform.o ./src/timer_ps.o   -Wl,--start-group,-lxil,-lgcc,-lc,--end-group
'Finished building target: lab3_step2_fir_filter.elf'
' '
'Invoking: ARM v7 Print Size'
arm-none-eabi-size lab3_step2_fir_filter.elf  |tee "lab3_step2_fir_filter.elf.size"
   text	   data	    bss	    dec	    hex	filename
  40052	   4344	  23352	  67748	  108a4	lab3_step2_fir_filter.elf
'Finished building: lab3_step2_fir_filter.elf.size'
' '
23:33:27 **** Incremental Build of configuration Debug for project lab3_step3_fir_timing ****
make pre-build main-build 
a9-linaro-pre-build-step
' '
make: Nothing to be done for 'main-build'.
23:33:28 **** Incremental Build of configuration Debug for project test_adi ****
make pre-build main-build 
a9-linaro-pre-build-step
' '
make: Nothing to be done for 'main-build'.
23:33:39 **** Incremental Build of configuration Debug for project lab3_step2_fir_filter ****
make pre-build main-build 
a9-linaro-pre-build-step
' '
make: Nothing to be done for 'main-build'.
23:34:22 **** Incremental Build of configuration Debug for project lab3_step2_fir_filter ****
make pre-build main-build 
a9-linaro-pre-build-step
' '
make: Nothing to be done for 'main-build'.
23:40:58 **** Incremental Build of configuration Debug for project lab3_step1_loopback ****
make pre-build main-build 
a9-linaro-pre-build-step
' '
make: Nothing to be done for 'main-build'.
23:40:59 **** Incremental Build of configuration Debug for project lab3_step2_fir_filter ****
make pre-build main-build 
a9-linaro-pre-build-step
' '
'Building file: ../src/lab3_step2_fir_filter.c'
'Invoking: ARM v7 gcc compiler'
arm-none-eabi-gcc -Wall -O0 -g3 -c -fmessage-length=0 -MT"src/lab3_step2_fir_filter.o" -mcpu=cortex-a9 -mfpu=vfpv3 -mfloat-abi=hard -I../../lab3_step2_fir_filter_bsp/ps7_cortexa9_0/include -MMD -MP -MF"src/lab3_step2_fir_filter.d" -MT"src/lab3_step2_fir_filter.o" -o "src/lab3_step2_fir_filter.o" "../src/lab3_step2_fir_filter.c"
../src/lab3_step2_fir_filter.c:129:1: warning: "/*" within comment [-Wcomment]
 /* ------------------------------------------------------------ */
  
'Finished building: ../src/lab3_step2_fir_filter.c'
' '
'Building target: lab3_step2_fir_filter.elf'
'Invoking: ARM v7 gcc linker'
arm-none-eabi-gcc -mcpu=cortex-a9 -mfpu=vfpv3 -mfloat-abi=hard -Wl,-build-id=none -specs=Xilinx.spec -Wl,-T -Wl,../src/lscript.ld -L../../lab3_step2_fir_filter_bsp/ps7_cortexa9_0/lib -o "lab3_step2_fir_filter.elf"  ./src/lab3_step2_fir_filter.o ./src/platform.o ./src/timer_ps.o   -Wl,--start-group,-lxil,-lgcc,-lc,--end-group
'Finished building target: lab3_step2_fir_filter.elf'
' '
'Invoking: ARM v7 Print Size'
arm-none-eabi-size lab3_step2_fir_filter.elf  |tee "lab3_step2_fir_filter.elf.size"
   text	   data	    bss	    dec	    hex	filename
  39860	   4344	  23352	  67556	  107e4	lab3_step2_fir_filter.elf
'Finished building: lab3_step2_fir_filter.elf.size'
' '
23:41:01 **** Incremental Build of configuration Debug for project lab3_step3_fir_timing ****
make pre-build main-build 
a9-linaro-pre-build-step
' '
make: Nothing to be done for 'main-build'.
23:41:02 **** Incremental Build of configuration Debug for project test_adi ****
make pre-build main-build 
a9-linaro-pre-build-step
' '
make: Nothing to be done for 'main-build'.
23:41:21 **** Incremental Build of configuration Debug for project lab3_step2_fir_filter ****
make pre-build main-build 
a9-linaro-pre-build-step
' '
make: Nothing to be done for 'main-build'.
23:41:44 **** Incremental Build of configuration Debug for project lab3_step2_fir_filter ****
make pre-build main-build 
a9-linaro-pre-build-step
' '
make: Nothing to be done for 'main-build'.
23:42:35 **** Incremental Build of configuration Debug for project lab3_step2_fir_filter ****
make pre-build main-build 
a9-linaro-pre-build-step
' '
make: Nothing to be done for 'main-build'.
23:43:21 **** Incremental Build of configuration Debug for project lab3_step2_fir_filter ****
make pre-build main-build 
a9-linaro-pre-build-step
' '
make: Nothing to be done for 'main-build'.
23:43:38 **** Incremental Build of configuration Debug for project lab3_step2_fir_filter ****
make pre-build main-build 
a9-linaro-pre-build-step
' '
make: Nothing to be done for 'main-build'.
23:46:15 **** Incremental Build of configuration Debug for project lab3_step2_fir_filter ****
make pre-build main-build 
a9-linaro-pre-build-step
' '
make: Nothing to be done for 'main-build'.
23:47:32 **** Incremental Build of configuration Debug for project lab3_step1_loopback ****
make pre-build main-build 
a9-linaro-pre-build-step
' '
make: Nothing to be done for 'main-build'.
23:47:33 **** Incremental Build of configuration Debug for project lab3_step2_fir_filter ****
make pre-build main-build 
a9-linaro-pre-build-step
' '
'Building file: ../src/lab3_step2_fir_filter.c'
'Invoking: ARM v7 gcc compiler'
arm-none-eabi-gcc -Wall -O0 -g3 -c -fmessage-length=0 -MT"src/lab3_step2_fir_filter.o" -mcpu=cortex-a9 -mfpu=vfpv3 -mfloat-abi=hard -I../../lab3_step2_fir_filter_bsp/ps7_cortexa9_0/include -MMD -MP -MF"src/lab3_step2_fir_filter.d" -MT"src/lab3_step2_fir_filter.o" -o "src/lab3_step2_fir_filter.o" "../src/lab3_step2_fir_filter.c"
../src/lab3_step2_fir_filter.c:129:1: warning: "/*" within comment [-Wcomment]
 /* ------------------------------------------------------------ */
  
'Finished building: ../src/lab3_step2_fir_filter.c'
' '
'Building target: lab3_step2_fir_filter.elf'
'Invoking: ARM v7 gcc linker'
arm-none-eabi-gcc -mcpu=cortex-a9 -mfpu=vfpv3 -mfloat-abi=hard -Wl,-build-id=none -specs=Xilinx.spec -Wl,-T -Wl,../src/lscript.ld -L../../lab3_step2_fir_filter_bsp/ps7_cortexa9_0/lib -o "lab3_step2_fir_filter.elf"  ./src/lab3_step2_fir_filter.o ./src/platform.o ./src/timer_ps.o   -Wl,--start-group,-lxil,-lgcc,-lc,--end-group
'Finished building target: lab3_step2_fir_filter.elf'
' '
'Invoking: ARM v7 Print Size'
arm-none-eabi-size lab3_step2_fir_filter.elf  |tee "lab3_step2_fir_filter.elf.size"
   text	   data	    bss	    dec	    hex	filename
  39860	   4344	  23352	  67556	  107e4	lab3_step2_fir_filter.elf
'Finished building: lab3_step2_fir_filter.elf.size'
' '
23:47:34 **** Incremental Build of configuration Debug for project lab3_step3_fir_timing ****
make pre-build main-build 
a9-linaro-pre-build-step
' '
make: Nothing to be done for 'main-build'.
23:47:35 **** Incremental Build of configuration Debug for project test_adi ****
make pre-build main-build 
a9-linaro-pre-build-step
' '
make: Nothing to be done for 'main-build'.
23:51:29 **** Auto Build of configuration Debug for project lab3_step2_fir_filter ****
make pre-build main-build 
a9-linaro-pre-build-step
' '
'Building file: ../src/lab3_step2_fir_filter.c'
'Invoking: ARM v7 gcc compiler'
arm-none-eabi-gcc -Wall -O0 -g3 -c -fmessage-length=0 -MT"src/lab3_step2_fir_filter.o" -mcpu=cortex-a9 -mfpu=vfpv3 -mfloat-abi=hard -I../../lab3_step2_fir_filter_bsp/ps7_cortexa9_0/include -MMD -MP -MF"src/lab3_step2_fir_filter.d" -MT"src/lab3_step2_fir_filter.o" -o "src/lab3_step2_fir_filter.o" "../src/lab3_step2_fir_filter.c"
../src/lab3_step2_fir_filter.c:129:1: warning: "/*" within comment [-Wcomment]
 /* ------------------------------------------------------------ */
  
'Finished building: ../src/lab3_step2_fir_filter.c'
' '
'Building target: lab3_step2_fir_filter.elf'
'Invoking: ARM v7 gcc linker'
arm-none-eabi-gcc -mcpu=cortex-a9 -mfpu=vfpv3 -mfloat-abi=hard -Wl,-build-id=none -specs=Xilinx.spec -Wl,-T -Wl,../src/lscript.ld -L../../lab3_step2_fir_filter_bsp/ps7_cortexa9_0/lib -o "lab3_step2_fir_filter.elf"  ./src/lab3_step2_fir_filter.o ./src/platform.o ./src/timer_ps.o   -Wl,--start-group,-lxil,-lgcc,-lc,--end-group
'Finished building target: lab3_step2_fir_filter.elf'
' '
'Invoking: ARM v7 Print Size'
arm-none-eabi-size lab3_step2_fir_filter.elf  |tee "lab3_step2_fir_filter.elf.size"
   text	   data	    bss	    dec	    hex	filename
  39860	   4344	  23352	  67556	  107e4	lab3_step2_fir_filter.elf
'Finished building: lab3_step2_fir_filter.elf.size'
' '
00:10:53 **** Auto Build of configuration Debug for project lab3_step3_fir_timing ****
make pre-build main-build 
a9-linaro-pre-build-step
' '
make: Nothing to be done for 'main-build'.
00:10:55 **** Incremental Build of configuration Debug for project lab3_step1_loopback ****
make pre-build main-build 
a9-linaro-pre-build-step
' '
make: Nothing to be done for 'main-build'.
00:10:56 **** Incremental Build of configuration Debug for project lab3_step2_fir_filter ****
make pre-build main-build 
a9-linaro-pre-build-step
' '
'Building file: ../src/lab3_step2_fir_filter.c'
'Invoking: ARM v7 gcc compiler'
arm-none-eabi-gcc -Wall -O0 -g3 -c -fmessage-length=0 -MT"src/lab3_step2_fir_filter.o" -mcpu=cortex-a9 -mfpu=vfpv3 -mfloat-abi=hard -I../../lab3_step2_fir_filter_bsp/ps7_cortexa9_0/include -MMD -MP -MF"src/lab3_step2_fir_filter.d" -MT"src/lab3_step2_fir_filter.o" -o "src/lab3_step2_fir_filter.o" "../src/lab3_step2_fir_filter.c"
../src/lab3_step2_fir_filter.c: In function 'read_global_timer_64':
../src/lab3_step2_fir_filter.c:92:24: error: 'GLOBAL_TMR_BASEADDR' undeclared (first use in this function); did you mean 'XPAR_GLOBAL_TMR_BASEADDR'?
 #define GTIMER_HI     (GLOBAL_TMR_BASEADDR + 0x04)
                        ^~~~~~~~~~~~~~~~~~~
../src/lab3_step2_fir_filter.c:97:24: note: in expansion of macro 'GTIMER_HI'
     u32 hi1 = Xil_In32(GTIMER_HI);
                        ^~~~~~~~~
../src/lab3_step2_fir_filter.c:92:24: note: each undeclared identifier is reported only once for each function it appears in
 #define GTIMER_HI     (GLOBAL_TMR_BASEADDR + 0x04)
                        ^~~~~~~~~~~~~~~~~~~
../src/lab3_step2_fir_filter.c:97:24: note: in expansion of macro 'GTIMER_HI'
     u32 hi1 = Xil_In32(GTIMER_HI);
                        ^~~~~~~~~
../src/lab3_step2_fir_filter.c: In function 'main':
../src/lab3_step2_fir_filter.c:540:40: error: 'LP_AGG' undeclared (first use in this function)
             outL = FIR_filter(bufferL, LP_AGG, N_LP_AGG);
                                        ^~~~~~
../src/lab3_step2_fir_filter.c:540:48: error: 'N_LP_AGG' undeclared (first use in this function); did you mean 'N_LP'?
             outL = FIR_filter(bufferL, LP_AGG, N_LP_AGG);
                                                ^~~~~~~~
                                                N_LP
../src/lab3_step2_fir_filter.c:545:40: error: 'HP_AGG' undeclared (first use in this function)
             outL = FIR_filter(bufferL, HP_AGG, N_HP_AGG);
                                        ^~~~~~
../src/lab3_step2_fir_filter.c:545:48: error: 'N_HP_AGG' undeclared (first use in this function); did you mean 'N_HP'?
             outL = FIR_filter(bufferL, HP_AGG, N_HP_AGG);
                                                ^~~~~~~~
                                                N_HP
../src/lab3_step2_fir_filter.c:381:14: warning: variable 'dummy' set but not used [-Wunused-but-set-variable]
 volatile int dummy = 0;  // prevents optimization
              ^~~~~
make: *** [src/subdir.mk:29: src/lab3_step2_fir_filter.o] Error 1
00:10:57 **** Incremental Build of configuration Debug for project lab3_step3_fir_timing ****
make pre-build main-build 
a9-linaro-pre-build-step
' '
make: Nothing to be done for 'main-build'.
00:10:57 **** Incremental Build of configuration Debug for project test_adi ****
make pre-build main-build 
a9-linaro-pre-build-step
' '
make: Nothing to be done for 'main-build'.
00:11:38 **** Incremental Build of configuration Debug for project lab3_step1_loopback ****
make pre-build main-build 
a9-linaro-pre-build-step
' '
make: Nothing to be done for 'main-build'.
00:11:39 **** Incremental Build of configuration Debug for project lab3_step2_fir_filter ****
make pre-build main-build 
a9-linaro-pre-build-step
' '
'Building file: ../src/lab3_step2_fir_filter.c'
'Invoking: ARM v7 gcc compiler'
arm-none-eabi-gcc -Wall -O0 -g3 -c -fmessage-length=0 -MT"src/lab3_step2_fir_filter.o" -mcpu=cortex-a9 -mfpu=vfpv3 -mfloat-abi=hard -I../../lab3_step2_fir_filter_bsp/ps7_cortexa9_0/include -MMD -MP -MF"src/lab3_step2_fir_filter.d" -MT"src/lab3_step2_fir_filter.o" -o "src/lab3_step2_fir_filter.o" "../src/lab3_step2_fir_filter.c"
../src/lab3_step2_fir_filter.c: In function 'read_global_timer_64':
../src/lab3_step2_fir_filter.c:92:24: error: 'GLOBAL_TMR_BASEADDR' undeclared (first use in this function); did you mean 'XPAR_GLOBAL_TMR_BASEADDR'?
 #define GTIMER_HI     (GLOBAL_TMR_BASEADDR + 0x04)
                        ^~~~~~~~~~~~~~~~~~~
../src/lab3_step2_fir_filter.c:97:24: note: in expansion of macro 'GTIMER_HI'
     u32 hi1 = Xil_In32(GTIMER_HI);
                        ^~~~~~~~~
../src/lab3_step2_fir_filter.c:92:24: note: each undeclared identifier is reported only once for each function it appears in
 #define GTIMER_HI     (GLOBAL_TMR_BASEADDR + 0x04)
                        ^~~~~~~~~~~~~~~~~~~
../src/lab3_step2_fir_filter.c:97:24: note: in expansion of macro 'GTIMER_HI'
     u32 hi1 = Xil_In32(GTIMER_HI);
                        ^~~~~~~~~
../src/lab3_step2_fir_filter.c: In function 'main':
../src/lab3_step2_fir_filter.c:540:40: error: 'LP_AGG' undeclared (first use in this function)
             outL = FIR_filter(bufferL, LP_AGG, N_LP_AGG);
                                        ^~~~~~
../src/lab3_step2_fir_filter.c:540:48: error: 'N_LP_AGG' undeclared (first use in this function); did you mean 'N_LP'?
             outL = FIR_filter(bufferL, LP_AGG, N_LP_AGG);
                                                ^~~~~~~~
                                                N_LP
../src/lab3_step2_fir_filter.c:545:40: error: 'HP_AGG' undeclared (first use in this function)
             outL = FIR_filter(bufferL, HP_AGG, N_HP_AGG);
                                        ^~~~~~
../src/lab3_step2_fir_filter.c:545:48: error: 'N_HP_AGG' undeclared (first use in this function); did you mean 'N_HP'?
             outL = FIR_filter(bufferL, HP_AGG, N_HP_AGG);
                                                ^~~~~~~~
                                                N_HP
../src/lab3_step2_fir_filter.c:381:14: warning: variable 'dummy' set but not used [-Wunused-but-set-variable]
 volatile int dummy = 0;  // prevents optimization
              ^~~~~
make: *** [src/subdir.mk:29: src/lab3_step2_fir_filter.o] Error 1
00:11:40 **** Incremental Build of configuration Debug for project lab3_step3_fir_timing ****
make pre-build main-build 
a9-linaro-pre-build-step
' '
make: Nothing to be done for 'main-build'.
00:11:40 **** Incremental Build of configuration Debug for project test_adi ****
make pre-build main-build 
a9-linaro-pre-build-step
' '
make: Nothing to be done for 'main-build'.
00:12:32 **** Incremental Build of configuration Debug for project lab3_step1_loopback ****
make pre-build main-build 
a9-linaro-pre-build-step
' '
make: Nothing to be done for 'main-build'.
00:12:32 **** Incremental Build of configuration Debug for project lab3_step2_fir_filter ****
make pre-build main-build 
a9-linaro-pre-build-step
' '
'Building file: ../src/lab3_step2_fir_filter.c'
'Invoking: ARM v7 gcc compiler'
arm-none-eabi-gcc -Wall -O0 -g3 -c -fmessage-length=0 -MT"src/lab3_step2_fir_filter.o" -mcpu=cortex-a9 -mfpu=vfpv3 -mfloat-abi=hard -I../../lab3_step2_fir_filter_bsp/ps7_cortexa9_0/include -MMD -MP -MF"src/lab3_step2_fir_filter.d" -MT"src/lab3_step2_fir_filter.o" -o "src/lab3_step2_fir_filter.o" "../src/lab3_step2_fir_filter.c"
../src/lab3_step2_fir_filter.c:129:1: warning: "/*" within comment [-Wcomment]
 /* ------------------------------------------------------------ */
  
../src/lab3_step2_fir_filter.c: In function 'FIR_selftest_LP':
../src/lab3_step2_fir_filter.c:376:11: error: unknown type name 'frequency'
     int y;frequency is approximately 47.7 kHz
           ^~~~~~~~~
../src/lab3_step2_fir_filter.c:376:24: error: expected '=', ',', ';', 'asm' or '__attribute__' before 'approximately'
     int y;frequency is approximately 47.7 kHz
                        ^~~~~~~~~~~~~
make: *** [src/subdir.mk:29: src/lab3_step2_fir_filter.o] Error 1
00:12:33 **** Incremental Build of configuration Debug for project lab3_step3_fir_timing ****
make pre-build main-build 
a9-linaro-pre-build-step
' '
make: Nothing to be done for 'main-build'.
00:12:34 **** Incremental Build of configuration Debug for project test_adi ****
make pre-build main-build 
a9-linaro-pre-build-step
' '
make: Nothing to be done for 'main-build'.
00:12:49 **** Incremental Build of configuration Debug for project lab3_step1_loopback ****
make pre-build main-build 
a9-linaro-pre-build-step
' '
make: Nothing to be done for 'main-build'.
00:12:50 **** Incremental Build of configuration Debug for project lab3_step2_fir_filter ****
make pre-build main-build 
a9-linaro-pre-build-step
' '
'Building file: ../src/lab3_step2_fir_filter.c'
'Invoking: ARM v7 gcc compiler'
arm-none-eabi-gcc -Wall -O0 -g3 -c -fmessage-length=0 -MT"src/lab3_step2_fir_filter.o" -mcpu=cortex-a9 -mfpu=vfpv3 -mfloat-abi=hard -I../../lab3_step2_fir_filter_bsp/ps7_cortexa9_0/include -MMD -MP -MF"src/lab3_step2_fir_filter.d" -MT"src/lab3_step2_fir_filter.o" -o "src/lab3_step2_fir_filter.o" "../src/lab3_step2_fir_filter.c"
../src/lab3_step2_fir_filter.c:129:1: warning: "/*" within comment [-Wcomment]
 /* ------------------------------------------------------------ */
  
'Finished building: ../src/lab3_step2_fir_filter.c'
' '
'Building target: lab3_step2_fir_filter.elf'
'Invoking: ARM v7 gcc linker'
arm-none-eabi-gcc -mcpu=cortex-a9 -mfpu=vfpv3 -mfloat-abi=hard -Wl,-build-id=none -specs=Xilinx.spec -Wl,-T -Wl,../src/lscript.ld -L../../lab3_step2_fir_filter_bsp/ps7_cortexa9_0/lib -o "lab3_step2_fir_filter.elf"  ./src/lab3_step2_fir_filter.o ./src/platform.o ./src/timer_ps.o   -Wl,--start-group,-lxil,-lgcc,-lc,--end-group
'Finished building target: lab3_step2_fir_filter.elf'
' '
'Invoking: ARM v7 Print Size'
arm-none-eabi-size lab3_step2_fir_filter.elf  |tee "lab3_step2_fir_filter.elf.size"
   text	   data	    bss	    dec	    hex	filename
  39860	   4344	  23352	  67556	  107e4	lab3_step2_fir_filter.elf
'Finished building: lab3_step2_fir_filter.elf.size'
' '
00:12:51 **** Incremental Build of configuration Debug for project lab3_step3_fir_timing ****
make pre-build main-build 
a9-linaro-pre-build-step
' '
make: Nothing to be done for 'main-build'.
00:12:52 **** Incremental Build of configuration Debug for project test_adi ****
make pre-build main-build 
a9-linaro-pre-build-step
' '
make: Nothing to be done for 'main-build'.
00:13:27 **** Incremental Build of configuration Debug for project lab3_step2_fir_filter ****
make pre-build main-build 
a9-linaro-pre-build-step
' '
make: Nothing to be done for 'main-build'.
00:14:02 **** Auto Build of configuration Debug for project lab3_step3_fir_timing ****
make pre-build main-build 
a9-linaro-pre-build-step
' '
'Building file: ../src/lab3_step3_fir_timing.c'
'Invoking: ARM v7 gcc compiler'
arm-none-eabi-gcc -Wall -O0 -g3 -c -fmessage-length=0 -MT"src/lab3_step3_fir_timing.o" -mcpu=cortex-a9 -mfpu=vfpv3 -mfloat-abi=hard -I../../lab3_step3_fir_timing_bsp/ps7_cortexa9_0/include -MMD -MP -MF"src/lab3_step3_fir_timing.d" -MT"src/lab3_step3_fir_timing.o" -o "src/lab3_step3_fir_timing.o" "../src/lab3_step3_fir_timing.c"
../src/lab3_step3_fir_timing.c: In function 'read_global_timer_64':
../src/lab3_step3_fir_timing.c:92:24: error: 'GLOBAL_TMR_BASEADDR' undeclared (first use in this function); did you mean 'XPAR_GLOBAL_TMR_BASEADDR'?
 #define GTIMER_HI     (GLOBAL_TMR_BASEADDR + 0x04)
                        ^~~~~~~~~~~~~~~~~~~
../src/lab3_step3_fir_timing.c:97:24: note: in expansion of macro 'GTIMER_HI'
     u32 hi1 = Xil_In32(GTIMER_HI);
                        ^~~~~~~~~
../src/lab3_step3_fir_timing.c:92:24: note: each undeclared identifier is reported only once for each function it appears in
 #define GTIMER_HI     (GLOBAL_TMR_BASEADDR + 0x04)
                        ^~~~~~~~~~~~~~~~~~~
../src/lab3_step3_fir_timing.c:97:24: note: in expansion of macro 'GTIMER_HI'
     u32 hi1 = Xil_In32(GTIMER_HI);
                        ^~~~~~~~~
../src/lab3_step3_fir_timing.c: In function 'main':
../src/lab3_step3_fir_timing.c:540:40: error: 'LP_AGG' undeclared (first use in this function)
             outL = FIR_filter(bufferL, LP_AGG, N_LP_AGG);
                                        ^~~~~~
../src/lab3_step3_fir_timing.c:540:48: error: 'N_LP_AGG' undeclared (first use in this function); did you mean 'N_LP'?
             outL = FIR_filter(bufferL, LP_AGG, N_LP_AGG);
                                                ^~~~~~~~
                                                N_LP
../src/lab3_step3_fir_timing.c:545:40: error: 'HP_AGG' undeclared (first use in this function)
             outL = FIR_filter(bufferL, HP_AGG, N_HP_AGG);
                                        ^~~~~~
../src/lab3_step3_fir_timing.c:545:48: error: 'N_HP_AGG' undeclared (first use in this function); did you mean 'N_HP'?
             outL = FIR_filter(bufferL, HP_AGG, N_HP_AGG);
                                                ^~~~~~~~
                                                N_HP
../src/lab3_step3_fir_timing.c:381:14: warning: variable 'dummy' set but not used [-Wunused-but-set-variable]
 volatile int dummy = 0;  // prevents optimization
              ^~~~~
make: *** [src/subdir.mk:29: src/lab3_step3_fir_timing.o] Error 1
00:14:24 **** Auto Build of configuration Debug for project lab3_step3_fir_timing ****
make pre-build main-build 
a9-linaro-pre-build-step
' '
'Building file: ../src/lab3_step3_fir_timing.c'
'Invoking: ARM v7 gcc compiler'
arm-none-eabi-gcc -Wall -O0 -g3 -c -fmessage-length=0 -MT"src/lab3_step3_fir_timing.o" -mcpu=cortex-a9 -mfpu=vfpv3 -mfloat-abi=hard -I../../lab3_step3_fir_timing_bsp/ps7_cortexa9_0/include -MMD -MP -MF"src/lab3_step3_fir_timing.d" -MT"src/lab3_step3_fir_timing.o" -o "src/lab3_step3_fir_timing.o" "../src/lab3_step3_fir_timing.c"
../src/lab3_step3_fir_timing.c: In function 'read_global_timer_64':
../src/lab3_step3_fir_timing.c:92:24: error: 'GLOBAL_TMR_BASEADDR' undeclared (first use in this function); did you mean 'XPAR_GLOBAL_TMR_BASEADDR'?
 #define GTIMER_HI     (GLOBAL_TMR_BASEADDR + 0x04)
                        ^~~~~~~~~~~~~~~~~~~
../src/lab3_step3_fir_timing.c:97:24: note: in expansion of macro 'GTIMER_HI'
     u32 hi1 = Xil_In32(GTIMER_HI);
                        ^~~~~~~~~
../src/lab3_step3_fir_timing.c:92:24: note: each undeclared identifier is reported only once for each function it appears in
 #define GTIMER_HI     (GLOBAL_TMR_BASEADDR + 0x04)
                        ^~~~~~~~~~~~~~~~~~~
../src/lab3_step3_fir_timing.c:97:24: note: in expansion of macro 'GTIMER_HI'
     u32 hi1 = Xil_In32(GTIMER_HI);
                        ^~~~~~~~~
../src/lab3_step3_fir_timing.c: In function 'main':
../src/lab3_step3_fir_timing.c:540:40: error: 'LP_AGG' undeclared (first use in this function)
             outL = FIR_filter(bufferL, LP_AGG, N_LP_AGG);
                                        ^~~~~~
../src/lab3_step3_fir_timing.c:540:48: error: 'N_LP_AGG' undeclared (first use in this function); did you mean 'N_LP'?
             outL = FIR_filter(bufferL, LP_AGG, N_LP_AGG);
                                                ^~~~~~~~
                                                N_LP
../src/lab3_step3_fir_timing.c:545:40: error: 'HP_AGG' undeclared (first use in this function)
             outL = FIR_filter(bufferL, HP_AGG, N_HP_AGG);
                                        ^~~~~~
../src/lab3_step3_fir_timing.c:545:48: error: 'N_HP_AGG' undeclared (first use in this function); did you mean 'N_HP'?
             outL = FIR_filter(bufferL, HP_AGG, N_HP_AGG);
                                                ^~~~~~~~
                                                N_HP
../src/lab3_step3_fir_timing.c:381:14: warning: variable 'dummy' set but not used [-Wunused-but-set-variable]
 volatile int dummy = 0;  // prevents optimization
              ^~~~~
make: *** [src/subdir.mk:29: src/lab3_step3_fir_timing.o] Error 1
00:16:33 **** Incremental Build of configuration Debug for project lab3_step1_loopback ****
make pre-build main-build 
a9-linaro-pre-build-step
' '
make: Nothing to be done for 'main-build'.
00:16:34 **** Incremental Build of configuration Debug for project lab3_step2_fir_filter ****
make pre-build main-build 
a9-linaro-pre-build-step
' '
make: Nothing to be done for 'main-build'.
00:16:35 **** Incremental Build of configuration Debug for project lab3_step3_fir_timing ****
make pre-build main-build 
a9-linaro-pre-build-step
' '
'Building file: ../src/lab3_step3_fir_timing.c'
'Invoking: ARM v7 gcc compiler'
arm-none-eabi-gcc -Wall -O0 -g3 -c -fmessage-length=0 -MT"src/lab3_step3_fir_timing.o" -mcpu=cortex-a9 -mfpu=vfpv3 -mfloat-abi=hard -I../../lab3_step3_fir_timing_bsp/ps7_cortexa9_0/include -MMD -MP -MF"src/lab3_step3_fir_timing.d" -MT"src/lab3_step3_fir_timing.o" -o "src/lab3_step3_fir_timing.o" "../src/lab3_step3_fir_timing.c"
../src/lab3_step3_fir_timing.c: In function 'read_global_timer_64':
../src/lab3_step3_fir_timing.c:92:24: error: 'GLOBAL_TMR_BASEADDR' undeclared (first use in this function); did you mean 'XPAR_GLOBAL_TMR_BASEADDR'?
 #define GTIMER_HI     (GLOBAL_TMR_BASEADDR + 0x04)
                        ^~~~~~~~~~~~~~~~~~~
../src/lab3_step3_fir_timing.c:97:24: note: in expansion of macro 'GTIMER_HI'
     u32 hi1 = Xil_In32(GTIMER_HI);
                        ^~~~~~~~~
../src/lab3_step3_fir_timing.c:92:24: note: each undeclared identifier is reported only once for each function it appears in
 #define GTIMER_HI     (GLOBAL_TMR_BASEADDR + 0x04)
                        ^~~~~~~~~~~~~~~~~~~
../src/lab3_step3_fir_timing.c:97:24: note: in expansion of macro 'GTIMER_HI'
     u32 hi1 = Xil_In32(GTIMER_HI);
                        ^~~~~~~~~
../src/lab3_step3_fir_timing.c: In function 'main':
../src/lab3_step3_fir_timing.c:483:14: warning: variable 'dummy' set but not used [-Wunused-but-set-variable]
 volatile int dummy = 0;  // prevents optimization
              ^~~~~
make: *** [src/subdir.mk:29: src/lab3_step3_fir_timing.o] Error 1
00:16:35 **** Incremental Build of configuration Debug for project test_adi ****
make pre-build main-build 
a9-linaro-pre-build-step
' '
make: Nothing to be done for 'main-build'.
00:18:23 **** Incremental Build of configuration Debug for project lab3_step1_loopback ****
make pre-build main-build 
a9-linaro-pre-build-step
' '
make: Nothing to be done for 'main-build'.
00:18:24 **** Incremental Build of configuration Debug for project lab3_step2_fir_filter ****
make pre-build main-build 
a9-linaro-pre-build-step
' '
make: Nothing to be done for 'main-build'.
00:18:24 **** Incremental Build of configuration Debug for project lab3_step3_fir_timing ****
make pre-build main-build 
a9-linaro-pre-build-step
' '
'Building file: ../src/lab3_step3_fir_timing.c'
'Invoking: ARM v7 gcc compiler'
arm-none-eabi-gcc -Wall -O0 -g3 -c -fmessage-length=0 -MT"src/lab3_step3_fir_timing.o" -mcpu=cortex-a9 -mfpu=vfpv3 -mfloat-abi=hard -I../../lab3_step3_fir_timing_bsp/ps7_cortexa9_0/include -MMD -MP -MF"src/lab3_step3_fir_timing.d" -MT"src/lab3_step3_fir_timing.o" -o "src/lab3_step3_fir_timing.o" "../src/lab3_step3_fir_timing.c"
../src/lab3_step3_fir_timing.c: In function 'main':
../src/lab3_step3_fir_timing.c:485:14: warning: variable 'dummy' set but not used [-Wunused-but-set-variable]
 volatile int dummy = 0;  // prevents optimization
              ^~~~~
'Finished building: ../src/lab3_step3_fir_timing.c'
' '
'Building target: lab3_step3_fir_timing.elf'
'Invoking: ARM v7 gcc linker'
arm-none-eabi-gcc -mcpu=cortex-a9 -mfpu=vfpv3 -mfloat-abi=hard -Wl,-build-id=none -specs=Xilinx.spec -Wl,-T -Wl,../src/lscript.ld -L../../lab3_step3_fir_timing_bsp/ps7_cortexa9_0/lib -o "lab3_step3_fir_timing.elf"  ./src/lab3_step3_fir_timing.o ./src/platform.o ./src/timer_ps.o   -Wl,--start-group,-lxil,-lgcc,-lc,--end-group
'Finished building target: lab3_step3_fir_timing.elf'
' '
'Invoking: ARM v7 Print Size'
arm-none-eabi-size lab3_step3_fir_timing.elf  |tee "lab3_step3_fir_timing.elf.size"
   text	   data	    bss	    dec	    hex	filename
  45412	   4344	  23352	  73108	  11d94	lab3_step3_fir_timing.elf
'Finished building: lab3_step3_fir_timing.elf.size'
' '
00:18:26 **** Incremental Build of configuration Debug for project test_adi ****
make pre-build main-build 
a9-linaro-pre-build-step
' '
make: Nothing to be done for 'main-build'.
00:18:48 **** Incremental Build of configuration Debug for project lab3_step3_fir_timing ****
make pre-build main-build 
a9-linaro-pre-build-step
' '
make: Nothing to be done for 'main-build'.
00:19:21 **** Incremental Build of configuration Debug for project lab3_step3_fir_timing ****
make pre-build main-build 
a9-linaro-pre-build-step
' '
make: Nothing to be done for 'main-build'.
00:20:49 **** Incremental Build of configuration Debug for project lab3_step1_loopback ****
make pre-build main-build 
a9-linaro-pre-build-step
' '
make: Nothing to be done for 'main-build'.
00:20:49 **** Incremental Build of configuration Debug for project lab3_step2_fir_filter ****
make pre-build main-build 
a9-linaro-pre-build-step
' '
make: Nothing to be done for 'main-build'.
00:20:50 **** Incremental Build of configuration Debug for project lab3_step3_fir_timing ****
make pre-build main-build 
a9-linaro-pre-build-step
' '
'Building file: ../src/lab3_step3_fir_timing.c'
'Invoking: ARM v7 gcc compiler'
arm-none-eabi-gcc -Wall -O0 -g3 -c -fmessage-length=0 -MT"src/lab3_step3_fir_timing.o" -mcpu=cortex-a9 -mfpu=vfpv3 -mfloat-abi=hard -I../../lab3_step3_fir_timing_bsp/ps7_cortexa9_0/include -MMD -MP -MF"src/lab3_step3_fir_timing.d" -MT"src/lab3_step3_fir_timing.o" -o "src/lab3_step3_fir_timing.o" "../src/lab3_step3_fir_timing.c"
../src/lab3_step3_fir_timing.c: In function 'main':
../src/lab3_step3_fir_timing.c:540:5: warning: unused variable 'total_ticks_off' [-Wunused-variable]
 u64 total_ticks_off = (t_end - t_start);
     ^~~~~~~~~~~~~~~
../src/lab3_step3_fir_timing.c:485:14: warning: variable 'dummy' set but not used [-Wunused-but-set-variable]
 volatile int dummy = 0;  // prevents optimization
              ^~~~~
'Finished building: ../src/lab3_step3_fir_timing.c'
' '
'Building target: lab3_step3_fir_timing.elf'
'Invoking: ARM v7 gcc linker'
arm-none-eabi-gcc -mcpu=cortex-a9 -mfpu=vfpv3 -mfloat-abi=hard -Wl,-build-id=none -specs=Xilinx.spec -Wl,-T -Wl,../src/lscript.ld -L../../lab3_step3_fir_timing_bsp/ps7_cortexa9_0/lib -o "lab3_step3_fir_timing.elf"  ./src/lab3_step3_fir_timing.o ./src/platform.o ./src/timer_ps.o   -Wl,--start-group,-lxil,-lgcc,-lc,--end-group
'Finished building target: lab3_step3_fir_timing.elf'
' '
'Invoking: ARM v7 Print Size'
arm-none-eabi-size lab3_step3_fir_timing.elf  |tee "lab3_step3_fir_timing.elf.size"
   text	   data	    bss	    dec	    hex	filename
  45432	   4344	  23352	  73128	  11da8	lab3_step3_fir_timing.elf
'Finished building: lab3_step3_fir_timing.elf.size'
' '
00:20:52 **** Incremental Build of configuration Debug for project test_adi ****
make pre-build main-build 
a9-linaro-pre-build-step
' '
make: Nothing to be done for 'main-build'.
00:21:06 **** Incremental Build of configuration Debug for project lab3_step3_fir_timing ****
make pre-build main-build 
a9-linaro-pre-build-step
' '
make: Nothing to be done for 'main-build'.
00:21:21 **** Incremental Build of configuration Debug for project lab3_step1_loopback ****
make pre-build main-build 
a9-linaro-pre-build-step
' '
make: Nothing to be done for 'main-build'.
00:21:22 **** Incremental Build of configuration Debug for project lab3_step2_fir_filter ****
make pre-build main-build 
a9-linaro-pre-build-step
' '
make: Nothing to be done for 'main-build'.
00:21:22 **** Incremental Build of configuration Debug for project lab3_step3_fir_timing ****
make pre-build main-build 
a9-linaro-pre-build-step
' '
make: Nothing to be done for 'main-build'.
00:21:23 **** Incremental Build of configuration Debug for project test_adi ****
make pre-build main-build 
a9-linaro-pre-build-step
' '
make: Nothing to be done for 'main-build'.
00:21:50 **** Incremental Build of configuration Debug for project lab3_step3_fir_timing ****
make pre-build main-build 
a9-linaro-pre-build-step
' '
make: Nothing to be done for 'main-build'.
00:26:12 **** Incremental Build of configuration Debug for project lab3_step1_loopback ****
make pre-build main-build 
a9-linaro-pre-build-step
' '
make: Nothing to be done for 'main-build'.
00:26:13 **** Incremental Build of configuration Debug for project lab3_step2_fir_filter ****
make pre-build main-build 
a9-linaro-pre-build-step
' '
make: Nothing to be done for 'main-build'.
00:26:13 **** Incremental Build of configuration Debug for project lab3_step3_fir_timing ****
make pre-build main-build 
a9-linaro-pre-build-step
' '
'Building file: ../src/lab3_step3_fir_timing.c'
'Invoking: ARM v7 gcc compiler'
arm-none-eabi-gcc -Wall -O0 -g3 -c -fmessage-length=0 -MT"src/lab3_step3_fir_timing.o" -mcpu=cortex-a9 -mfpu=vfpv3 -mfloat-abi=hard -I../../lab3_step3_fir_timing_bsp/ps7_cortexa9_0/include -MMD -MP -MF"src/lab3_step3_fir_timing.d" -MT"src/lab3_step3_fir_timing.o" -o "src/lab3_step3_fir_timing.o" "../src/lab3_step3_fir_timing.c"
../src/lab3_step3_fir_timing.c: In function 'main':
../src/lab3_step3_fir_timing.c:485:14: warning: variable 'dummy' set but not used [-Wunused-but-set-variable]
 volatile int dummy = 0;  // prevents optimization
              ^~~~~
'Finished building: ../src/lab3_step3_fir_timing.c'
' '
'Building target: lab3_step3_fir_timing.elf'
'Invoking: ARM v7 gcc linker'
arm-none-eabi-gcc -mcpu=cortex-a9 -mfpu=vfpv3 -mfloat-abi=hard -Wl,-build-id=none -specs=Xilinx.spec -Wl,-T -Wl,../src/lscript.ld -L../../lab3_step3_fir_timing_bsp/ps7_cortexa9_0/lib -o "lab3_step3_fir_timing.elf"  ./src/lab3_step3_fir_timing.o ./src/platform.o ./src/timer_ps.o   -Wl,--start-group,-lxil,-lgcc,-lc,--end-group
'Finished building target: lab3_step3_fir_timing.elf'
' '
'Invoking: ARM v7 Print Size'
arm-none-eabi-size lab3_step3_fir_timing.elf  |tee "lab3_step3_fir_timing.elf.size"
   text	   data	    bss	    dec	    hex	filename
  45400	   4344	  23352	  73096	  11d88	lab3_step3_fir_timing.elf
'Finished building: lab3_step3_fir_timing.elf.size'
' '
00:26:15 **** Incremental Build of configuration Debug for project test_adi ****
make pre-build main-build 
a9-linaro-pre-build-step
' '
make: Nothing to be done for 'main-build'.
00:26:38 **** Incremental Build of configuration Debug for project lab3_step3_fir_timing ****
make pre-build main-build 
a9-linaro-pre-build-step
' '
make: Nothing to be done for 'main-build'.
00:27:26 **** Auto Build of configuration Debug for project lab3_step3_fir_timing ****
make pre-build main-build 
a9-linaro-pre-build-step
' '
'Building file: ../src/lab3_step3_fir_timing.c'
'Invoking: ARM v7 gcc compiler'
arm-none-eabi-gcc -Wall -O0 -g3 -c -fmessage-length=0 -MT"src/lab3_step3_fir_timing.o" -mcpu=cortex-a9 -mfpu=vfpv3 -mfloat-abi=hard -I../../lab3_step3_fir_timing_bsp/ps7_cortexa9_0/include -MMD -MP -MF"src/lab3_step3_fir_timing.d" -MT"src/lab3_step3_fir_timing.o" -o "src/lab3_step3_fir_timing.o" "../src/lab3_step3_fir_timing.c"
../src/lab3_step3_fir_timing.c: In function 'main':
../src/lab3_step3_fir_timing.c:476:14: warning: variable 'dummy' set but not used [-Wunused-but-set-variable]
 volatile int dummy = 0;  // prevents optimization
              ^~~~~
'Finished building: ../src/lab3_step3_fir_timing.c'
' '
'Building target: lab3_step3_fir_timing.elf'
'Invoking: ARM v7 gcc linker'
arm-none-eabi-gcc -mcpu=cortex-a9 -mfpu=vfpv3 -mfloat-abi=hard -Wl,-build-id=none -specs=Xilinx.spec -Wl,-T -Wl,../src/lscript.ld -L../../lab3_step3_fir_timing_bsp/ps7_cortexa9_0/lib -o "lab3_step3_fir_timing.elf"  ./src/lab3_step3_fir_timing.o ./src/platform.o ./src/timer_ps.o   -Wl,--start-group,-lxil,-lgcc,-lc,--end-group
'Finished building target: lab3_step3_fir_timing.elf'
' '
'Invoking: ARM v7 Print Size'
arm-none-eabi-size lab3_step3_fir_timing.elf  |tee "lab3_step3_fir_timing.elf.size"
   text	   data	    bss	    dec	    hex	filename
  45344	   4344	  23352	  73040	  11d50	lab3_step3_fir_timing.elf
'Finished building: lab3_step3_fir_timing.elf.size'
' '
00:27:27 **** Incremental Build of configuration Debug for project lab3_step1_loopback ****
make pre-build main-build 
a9-linaro-pre-build-step
' '
make: Nothing to be done for 'main-build'.
00:27:28 **** Incremental Build of configuration Debug for project lab3_step2_fir_filter ****
make pre-build main-build 
a9-linaro-pre-build-step
' '
make: Nothing to be done for 'main-build'.
00:27:29 **** Incremental Build of configuration Debug for project lab3_step3_fir_timing ****
make pre-build main-build 
a9-linaro-pre-build-step
' '
make: Nothing to be done for 'main-build'.
00:27:29 **** Incremental Build of configuration Debug for project test_adi ****
make pre-build main-build 
a9-linaro-pre-build-step
' '
make: Nothing to be done for 'main-build'.
00:28:03 **** Incremental Build of configuration Debug for project lab3_step3_fir_timing ****
make pre-build main-build 
a9-linaro-pre-build-step
' '
make: Nothing to be done for 'main-build'.
00:29:28 **** Incremental Build of configuration Debug for project lab3_step1_loopback ****
make pre-build main-build 
a9-linaro-pre-build-step
' '
make: Nothing to be done for 'main-build'.
00:29:28 **** Incremental Build of configuration Debug for project lab3_step2_fir_filter ****
make pre-build main-build 
a9-linaro-pre-build-step
' '
make: Nothing to be done for 'main-build'.
00:29:29 **** Incremental Build of configuration Debug for project lab3_step3_fir_timing ****
make pre-build main-build 
a9-linaro-pre-build-step
' '
'Building file: ../src/lab3_step3_fir_timing.c'
'Invoking: ARM v7 gcc compiler'
arm-none-eabi-gcc -Wall -O0 -g3 -c -fmessage-length=0 -MT"src/lab3_step3_fir_timing.o" -mcpu=cortex-a9 -mfpu=vfpv3 -mfloat-abi=hard -I../../lab3_step3_fir_timing_bsp/ps7_cortexa9_0/include -MMD -MP -MF"src/lab3_step3_fir_timing.d" -MT"src/lab3_step3_fir_timing.o" -o "src/lab3_step3_fir_timing.o" "../src/lab3_step3_fir_timing.c"
../src/lab3_step3_fir_timing.c: In function 'main':
../src/lab3_step3_fir_timing.c:476:14: warning: variable 'dummy' set but not used [-Wunused-but-set-variable]
 volatile int dummy = 0;  // prevents optimization
              ^~~~~
'Finished building: ../src/lab3_step3_fir_timing.c'
' '
'Building target: lab3_step3_fir_timing.elf'
'Invoking: ARM v7 gcc linker'
arm-none-eabi-gcc -mcpu=cortex-a9 -mfpu=vfpv3 -mfloat-abi=hard -Wl,-build-id=none -specs=Xilinx.spec -Wl,-T -Wl,../src/lscript.ld -L../../lab3_step3_fir_timing_bsp/ps7_cortexa9_0/lib -o "lab3_step3_fir_timing.elf"  ./src/lab3_step3_fir_timing.o ./src/platform.o ./src/timer_ps.o   -Wl,--start-group,-lxil,-lgcc,-lc,--end-group
'Finished building target: lab3_step3_fir_timing.elf'
' '
'Invoking: ARM v7 Print Size'
arm-none-eabi-size lab3_step3_fir_timing.elf  |tee "lab3_step3_fir_timing.elf.size"
   text	   data	    bss	    dec	    hex	filename
  45348	   4344	  23352	  73044	  11d54	lab3_step3_fir_timing.elf
'Finished building: lab3_step3_fir_timing.elf.size'
' '
00:29:30 **** Incremental Build of configuration Debug for project test_adi ****
make pre-build main-build 
a9-linaro-pre-build-step
' '
make: Nothing to be done for 'main-build'.
00:30:03 **** Incremental Build of configuration Debug for project lab3_step3_fir_timing ****
make pre-build main-build 
a9-linaro-pre-build-step
' '
make: Nothing to be done for 'main-build'.
00:30:30 **** Incremental Build of configuration Debug for project lab3_step3_fir_timing ****
make pre-build main-build 
a9-linaro-pre-build-step
' '
make: Nothing to be done for 'main-build'.
00:31:42 **** Incremental Build of configuration Debug for project lab3_step3_fir_timing ****
make pre-build main-build 
a9-linaro-pre-build-step
' '
make: Nothing to be done for 'main-build'.
00:55:26 **** Incremental Build of configuration Debug for project lab3_step1_loopback ****
make pre-build main-build 
a9-linaro-pre-build-step
' '
make: Nothing to be done for 'main-build'.
00:55:27 **** Incremental Build of configuration Debug for project lab3_step2_fir_filter ****
make pre-build main-build 
a9-linaro-pre-build-step
' '
'Building file: ../src/lab3_step2_fir_filter.c'
'Invoking: ARM v7 gcc compiler'
arm-none-eabi-gcc -Wall -O0 -g3 -c -fmessage-length=0 -MT"src/lab3_step2_fir_filter.o" -mcpu=cortex-a9 -mfpu=vfpv3 -mfloat-abi=hard -I../../lab3_step2_fir_filter_bsp/ps7_cortexa9_0/include -MMD -MP -MF"src/lab3_step2_fir_filter.d" -MT"src/lab3_step2_fir_filter.o" -o "src/lab3_step2_fir_filter.o" "../src/lab3_step2_fir_filter.c"
../src/lab3_step2_fir_filter.c:129:1: warning: "/*" within comment [-Wcomment]
 /* ------------------------------------------------------------ */
  
'Finished building: ../src/lab3_step2_fir_filter.c'
' '
'Building target: lab3_step2_fir_filter.elf'
'Invoking: ARM v7 gcc linker'
arm-none-eabi-gcc -mcpu=cortex-a9 -mfpu=vfpv3 -mfloat-abi=hard -Wl,-build-id=none -specs=Xilinx.spec -Wl,-T -Wl,../src/lscript.ld -L../../lab3_step2_fir_filter_bsp/ps7_cortexa9_0/lib -o "lab3_step2_fir_filter.elf"  ./src/lab3_step2_fir_filter.o ./src/platform.o ./src/timer_ps.o   -Wl,--start-group,-lxil,-lgcc,-lc,--end-group
'Finished building target: lab3_step2_fir_filter.elf'
' '
'Invoking: ARM v7 Print Size'
arm-none-eabi-size lab3_step2_fir_filter.elf  |tee "lab3_step2_fir_filter.elf.size"
   text	   data	    bss	    dec	    hex	filename
  39860	   4344	  23352	  67556	  107e4	lab3_step2_fir_filter.elf
'Finished building: lab3_step2_fir_filter.elf.size'
' '
00:55:28 **** Incremental Build of configuration Debug for project lab3_step3_fir_timing ****
make pre-build main-build 
a9-linaro-pre-build-step
' '
make: Nothing to be done for 'main-build'.
00:55:29 **** Incremental Build of configuration Debug for project test_adi ****
make pre-build main-build 
a9-linaro-pre-build-step
' '
make: Nothing to be done for 'main-build'.
00:56:08 **** Incremental Build of configuration Debug for project lab3_step1_loopback ****
make pre-build main-build 
a9-linaro-pre-build-step
' '
make: Nothing to be done for 'main-build'.
00:56:08 **** Incremental Build of configuration Debug for project lab3_step2_fir_filter ****
make pre-build main-build 
a9-linaro-pre-build-step
' '
'Building file: ../src/lab3_step2_fir_filter.c'
'Invoking: ARM v7 gcc compiler'
arm-none-eabi-gcc -Wall -O0 -g3 -c -fmessage-length=0 -MT"src/lab3_step2_fir_filter.o" -mcpu=cortex-a9 -mfpu=vfpv3 -mfloat-abi=hard -I../../lab3_step2_fir_filter_bsp/ps7_cortexa9_0/include -MMD -MP -MF"src/lab3_step2_fir_filter.d" -MT"src/lab3_step2_fir_filter.o" -o "src/lab3_step2_fir_filter.o" "../src/lab3_step2_fir_filter.c"
../src/lab3_step2_fir_filter.c:129:1: warning: "/*" within comment [-Wcomment]
 /* ------------------------------------------------------------ */
  
'Finished building: ../src/lab3_step2_fir_filter.c'
' '
'Building target: lab3_step2_fir_filter.elf'
'Invoking: ARM v7 gcc linker'
arm-none-eabi-gcc -mcpu=cortex-a9 -mfpu=vfpv3 -mfloat-abi=hard -Wl,-build-id=none -specs=Xilinx.spec -Wl,-T -Wl,../src/lscript.ld -L../../lab3_step2_fir_filter_bsp/ps7_cortexa9_0/lib -o "lab3_step2_fir_filter.elf"  ./src/lab3_step2_fir_filter.o ./src/platform.o ./src/timer_ps.o   -Wl,--start-group,-lxil,-lgcc,-lc,--end-group
'Finished building target: lab3_step2_fir_filter.elf'
' '
'Invoking: ARM v7 Print Size'
arm-none-eabi-size lab3_step2_fir_filter.elf  |tee "lab3_step2_fir_filter.elf.size"
   text	   data	    bss	    dec	    hex	filename
  38712	   4344	  23352	  66408	  10368	lab3_step2_fir_filter.elf
'Finished building: lab3_step2_fir_filter.elf.size'
' '
00:56:10 **** Incremental Build of configuration Debug for project lab3_step3_fir_timing ****
make pre-build main-build 
a9-linaro-pre-build-step
' '
make: Nothing to be done for 'main-build'.
00:56:10 **** Incremental Build of configuration Debug for project test_adi ****
make pre-build main-build 
a9-linaro-pre-build-step
' '
make: Nothing to be done for 'main-build'.
00:56:39 **** Incremental Build of configuration Debug for project lab3_step2_fir_filter ****
make pre-build main-build 
a9-linaro-pre-build-step
' '
make: Nothing to be done for 'main-build'.
00:57:08 **** Incremental Build of configuration Debug for project lab3_step1_loopback ****
make pre-build main-build 
a9-linaro-pre-build-step
' '
make: Nothing to be done for 'main-build'.
00:57:09 **** Incremental Build of configuration Debug for project lab3_step2_fir_filter ****
make pre-build main-build 
a9-linaro-pre-build-step
' '
'Building file: ../src/lab3_step2_fir_filter.c'
'Invoking: ARM v7 gcc compiler'
arm-none-eabi-gcc -Wall -O0 -g3 -c -fmessage-length=0 -MT"src/lab3_step2_fir_filter.o" -mcpu=cortex-a9 -mfpu=vfpv3 -mfloat-abi=hard -I../../lab3_step2_fir_filter_bsp/ps7_cortexa9_0/include -MMD -MP -MF"src/lab3_step2_fir_filter.d" -MT"src/lab3_step2_fir_filter.o" -o "src/lab3_step2_fir_filter.o" "../src/lab3_step2_fir_filter.c"
../src/lab3_step2_fir_filter.c:129:1: warning: "/*" within comment [-Wcomment]
 /* ------------------------------------------------------------ */
  
'Finished building: ../src/lab3_step2_fir_filter.c'
' '
'Building target: lab3_step2_fir_filter.elf'
'Invoking: ARM v7 gcc linker'
arm-none-eabi-gcc -mcpu=cortex-a9 -mfpu=vfpv3 -mfloat-abi=hard -Wl,-build-id=none -specs=Xilinx.spec -Wl,-T -Wl,../src/lscript.ld -L../../lab3_step2_fir_filter_bsp/ps7_cortexa9_0/lib -o "lab3_step2_fir_filter.elf"  ./src/lab3_step2_fir_filter.o ./src/platform.o ./src/timer_ps.o   -Wl,--start-group,-lxil,-lgcc,-lc,--end-group
'Finished building target: lab3_step2_fir_filter.elf'
' '
'Invoking: ARM v7 Print Size'
arm-none-eabi-size lab3_step2_fir_filter.elf  |tee "lab3_step2_fir_filter.elf.size"
   text	   data	    bss	    dec	    hex	filename
  39860	   4344	  23352	  67556	  107e4	lab3_step2_fir_filter.elf
'Finished building: lab3_step2_fir_filter.elf.size'
' '
00:57:10 **** Incremental Build of configuration Debug for project lab3_step3_fir_timing ****
make pre-build main-build 
a9-linaro-pre-build-step
' '
make: Nothing to be done for 'main-build'.
00:57:11 **** Incremental Build of configuration Debug for project test_adi ****
make pre-build main-build 
a9-linaro-pre-build-step
' '
make: Nothing to be done for 'main-build'.
00:57:17 **** Incremental Build of configuration Debug for project lab3_step2_fir_filter ****
make pre-build main-build 
a9-linaro-pre-build-step
' '
make: Nothing to be done for 'main-build'.
00:59:00 **** Incremental Build of configuration Debug for project lab3_step1_loopback ****
make pre-build main-build 
a9-linaro-pre-build-step
' '
make: Nothing to be done for 'main-build'.
00:59:00 **** Incremental Build of configuration Debug for project lab3_step2_fir_filter ****
make pre-build main-build 
a9-linaro-pre-build-step
' '
'Building file: ../src/lab3_step2_fir_filter.c'
'Invoking: ARM v7 gcc compiler'
arm-none-eabi-gcc -Wall -O0 -g3 -c -fmessage-length=0 -MT"src/lab3_step2_fir_filter.o" -mcpu=cortex-a9 -mfpu=vfpv3 -mfloat-abi=hard -I../../lab3_step2_fir_filter_bsp/ps7_cortexa9_0/include -MMD -MP -MF"src/lab3_step2_fir_filter.d" -MT"src/lab3_step2_fir_filter.o" -o "src/lab3_step2_fir_filter.o" "../src/lab3_step2_fir_filter.c"
../src/lab3_step2_fir_filter.c:129:1: warning: "/*" within comment [-Wcomment]
 /* ------------------------------------------------------------ */
  
'Finished building: ../src/lab3_step2_fir_filter.c'
' '
'Building target: lab3_step2_fir_filter.elf'
'Invoking: ARM v7 gcc linker'
arm-none-eabi-gcc -mcpu=cortex-a9 -mfpu=vfpv3 -mfloat-abi=hard -Wl,-build-id=none -specs=Xilinx.spec -Wl,-T -Wl,../src/lscript.ld -L../../lab3_step2_fir_filter_bsp/ps7_cortexa9_0/lib -o "lab3_step2_fir_filter.elf"  ./src/lab3_step2_fir_filter.o ./src/platform.o ./src/timer_ps.o   -Wl,--start-group,-lxil,-lgcc,-lc,--end-group
'Finished building target: lab3_step2_fir_filter.elf'
' '
'Invoking: ARM v7 Print Size'
arm-none-eabi-size lab3_step2_fir_filter.elf  |tee "lab3_step2_fir_filter.elf.size"
   text	   data	    bss	    dec	    hex	filename
  39860	   4344	  23352	  67556	  107e4	lab3_step2_fir_filter.elf
'Finished building: lab3_step2_fir_filter.elf.size'
' '
00:59:01 **** Incremental Build of configuration Debug for project lab3_step3_fir_timing ****
make pre-build main-build 
a9-linaro-pre-build-step
' '
make: Nothing to be done for 'main-build'.
00:59:02 **** Incremental Build of configuration Debug for project test_adi ****
make pre-build main-build 
a9-linaro-pre-build-step
' '
make: Nothing to be done for 'main-build'.
00:59:23 **** Incremental Build of configuration Debug for project lab3_step2_fir_filter ****
make pre-build main-build 
a9-linaro-pre-build-step
' '
make: Nothing to be done for 'main-build'.
00:59:56 **** Incremental Build of configuration Debug for project lab3_step1_loopback ****
make pre-build main-build 
a9-linaro-pre-build-step
' '
make: Nothing to be done for 'main-build'.
00:59:57 **** Incremental Build of configuration Debug for project lab3_step2_fir_filter ****
make pre-build main-build 
a9-linaro-pre-build-step
' '
'Building file: ../src/lab3_step2_fir_filter.c'
'Invoking: ARM v7 gcc compiler'
arm-none-eabi-gcc -Wall -O0 -g3 -c -fmessage-length=0 -MT"src/lab3_step2_fir_filter.o" -mcpu=cortex-a9 -mfpu=vfpv3 -mfloat-abi=hard -I../../lab3_step2_fir_filter_bsp/ps7_cortexa9_0/include -MMD -MP -MF"src/lab3_step2_fir_filter.d" -MT"src/lab3_step2_fir_filter.o" -o "src/lab3_step2_fir_filter.o" "../src/lab3_step2_fir_filter.c"
../src/lab3_step2_fir_filter.c:129:1: warning: "/*" within comment [-Wcomment]
 /* ------------------------------------------------------------ */
  
'Finished building: ../src/lab3_step2_fir_filter.c'
' '
'Building target: lab3_step2_fir_filter.elf'
'Invoking: ARM v7 gcc linker'
arm-none-eabi-gcc -mcpu=cortex-a9 -mfpu=vfpv3 -mfloat-abi=hard -Wl,-build-id=none -specs=Xilinx.spec -Wl,-T -Wl,../src/lscript.ld -L../../lab3_step2_fir_filter_bsp/ps7_cortexa9_0/lib -o "lab3_step2_fir_filter.elf"  ./src/lab3_step2_fir_filter.o ./src/platform.o ./src/timer_ps.o   -Wl,--start-group,-lxil,-lgcc,-lc,--end-group
'Finished building target: lab3_step2_fir_filter.elf'
' '
'Invoking: ARM v7 Print Size'
arm-none-eabi-size lab3_step2_fir_filter.elf  |tee "lab3_step2_fir_filter.elf.size"
   text	   data	    bss	    dec	    hex	filename
  38712	   4344	  23352	  66408	  10368	lab3_step2_fir_filter.elf
'Finished building: lab3_step2_fir_filter.elf.size'
' '
00:59:58 **** Incremental Build of configuration Debug for project lab3_step3_fir_timing ****
make pre-build main-build 
a9-linaro-pre-build-step
' '
make: Nothing to be done for 'main-build'.
00:59:59 **** Incremental Build of configuration Debug for project test_adi ****
make pre-build main-build 
a9-linaro-pre-build-step
' '
make: Nothing to be done for 'main-build'.
01:00:08 **** Incremental Build of configuration Debug for project lab3_step2_fir_filter ****
make pre-build main-build 
a9-linaro-pre-build-step
' '
make: Nothing to be done for 'main-build'.
01:13:45 **** Auto Build of configuration Debug for project lab3_step2_fir_filter ****
make pre-build main-build 
a9-linaro-pre-build-step
' '
'Building file: ../src/lab3_step2_fir_filter.c'
'Invoking: ARM v7 gcc compiler'
arm-none-eabi-gcc -Wall -O0 -g3 -c -fmessage-length=0 -MT"src/lab3_step2_fir_filter.o" -mcpu=cortex-a9 -mfpu=vfpv3 -mfloat-abi=hard -I../../lab3_step2_fir_filter_bsp/ps7_cortexa9_0/include -MMD -MP -MF"src/lab3_step2_fir_filter.d" -MT"src/lab3_step2_fir_filter.o" -o "src/lab3_step2_fir_filter.o" "../src/lab3_step2_fir_filter.c"
../src/lab3_step2_fir_filter.c:148:1: warning: "/*" within comment [-Wcomment]
 /* ------------------------------------------------------------ */
  
'Finished building: ../src/lab3_step2_fir_filter.c'
' '
'Building target: lab3_step2_fir_filter.elf'
'Invoking: ARM v7 gcc linker'
arm-none-eabi-gcc -mcpu=cortex-a9 -mfpu=vfpv3 -mfloat-abi=hard -Wl,-build-id=none -specs=Xilinx.spec -Wl,-T -Wl,../src/lscript.ld -L../../lab3_step2_fir_filter_bsp/ps7_cortexa9_0/lib -o "lab3_step2_fir_filter.elf"  ./src/lab3_step2_fir_filter.o ./src/platform.o ./src/timer_ps.o   -Wl,--start-group,-lxil,-lgcc,-lc,--end-group
'Finished building target: lab3_step2_fir_filter.elf'
' '
'Invoking: ARM v7 Print Size'
arm-none-eabi-size lab3_step2_fir_filter.elf  |tee "lab3_step2_fir_filter.elf.size"
   text	   data	    bss	    dec	    hex	filename
  38712	   4344	  23352	  66408	  10368	lab3_step2_fir_filter.elf
'Finished building: lab3_step2_fir_filter.elf.size'
' '
01:13:46 **** Incremental Build of configuration Debug for project lab3_step1_loopback ****
make pre-build main-build 
a9-linaro-pre-build-step
' '
make: Nothing to be done for 'main-build'.
01:13:47 **** Incremental Build of configuration Debug for project lab3_step2_fir_filter ****
make pre-build main-build 
a9-linaro-pre-build-step
' '
make: Nothing to be done for 'main-build'.
01:13:48 **** Incremental Build of configuration Debug for project lab3_step3_fir_timing ****
make pre-build main-build 
a9-linaro-pre-build-step
' '
make: Nothing to be done for 'main-build'.
01:13:48 **** Incremental Build of configuration Debug for project test_adi ****
make pre-build main-build 
a9-linaro-pre-build-step
' '
make: Nothing to be done for 'main-build'.
01:14:07 **** Auto Build of configuration Debug for project lab3_step3_fir_timing ****
make pre-build main-build 
a9-linaro-pre-build-step
' '
'Building file: ../src/lab3_step3_fir_timing.c'
'Invoking: ARM v7 gcc compiler'
arm-none-eabi-gcc -Wall -O0 -g3 -c -fmessage-length=0 -MT"src/lab3_step3_fir_timing.o" -mcpu=cortex-a9 -mfpu=vfpv3 -mfloat-abi=hard -I../../lab3_step3_fir_timing_bsp/ps7_cortexa9_0/include -MMD -MP -MF"src/lab3_step3_fir_timing.d" -MT"src/lab3_step3_fir_timing.o" -o "src/lab3_step3_fir_timing.o" "../src/lab3_step3_fir_timing.c"
../src/lab3_step3_fir_timing.c: In function 'main':
../src/lab3_step3_fir_timing.c:483:14: warning: variable 'dummy' set but not used [-Wunused-but-set-variable]
 volatile int dummy = 0;  // prevents optimization
              ^~~~~
'Finished building: ../src/lab3_step3_fir_timing.c'
' '
'Building target: lab3_step3_fir_timing.elf'
'Invoking: ARM v7 gcc linker'
arm-none-eabi-gcc -mcpu=cortex-a9 -mfpu=vfpv3 -mfloat-abi=hard -Wl,-build-id=none -specs=Xilinx.spec -Wl,-T -Wl,../src/lscript.ld -L../../lab3_step3_fir_timing_bsp/ps7_cortexa9_0/lib -o "lab3_step3_fir_timing.elf"  ./src/lab3_step3_fir_timing.o ./src/platform.o ./src/timer_ps.o   -Wl,--start-group,-lxil,-lgcc,-lc,--end-group
'Finished building target: lab3_step3_fir_timing.elf'
' '
'Invoking: ARM v7 Print Size'
arm-none-eabi-size lab3_step3_fir_timing.elf  |tee "lab3_step3_fir_timing.elf.size"
   text	   data	    bss	    dec	    hex	filename
  38712	   4344	  23352	  66408	  10368	lab3_step3_fir_timing.elf
'Finished building: lab3_step3_fir_timing.elf.size'
' '
01:14:08 **** Incremental Build of configuration Debug for project lab3_step1_loopback ****
make pre-build main-build 
a9-linaro-pre-build-step
' '
make: Nothing to be done for 'main-build'.
01:14:08 **** Incremental Build of configuration Debug for project lab3_step2_fir_filter ****
make pre-build main-build 
a9-linaro-pre-build-step
' '
make: Nothing to be done for 'main-build'.
01:14:09 **** Incremental Build of configuration Debug for project lab3_step3_fir_timing ****
make pre-build main-build 
a9-linaro-pre-build-step
' '
make: Nothing to be done for 'main-build'.
01:14:10 **** Incremental Build of configuration Debug for project test_adi ****
make pre-build main-build 
a9-linaro-pre-build-step
' '
make: Nothing to be done for 'main-build'.
