01:43:17 **** Incremental Build of configuration Debug for project a_lab1_polling_basic ****
make all 
'Building file: ../src/main.c'
'Invoking: MicroBlaze gcc compiler'
mb-gcc -Wall -O0 -g3 -c -fmessage-length=0 -MT"src/main.o" -I../../a_lab1_polling_basic_bsp/microblaze_0/include -mlittle-endian -mcpu=v11.0 -mxl-soft-mul -Wl,--no-relax -ffunction-sections -fdata-sections -MMD -MP -MF"src/main.d" -MT"src/main.o" -o "src/main.o" "../src/main.c"
'Finished building: ../src/main.c'
' '
'Building target: a_lab1_polling_basic.elf'
'Invoking: MicroBlaze gcc linker'
mb-gcc -Wl,-T -Wl,../src/lscript.ld -L../../a_lab1_polling_basic_bsp/microblaze_0/lib -mlittle-endian -mcpu=v11.0 -mxl-soft-mul -Wl,--no-relax -Wl,--gc-sections -o "a_lab1_polling_basic.elf"  ./src/main.o ./src/platform.o   -Wl,--start-group,-lxil,-lgcc,-lc,--end-group
'Finished building target: a_lab1_polling_basic.elf'
' '
'Invoking: MicroBlaze Print Size'
mb-size a_lab1_polling_basic.elf  |tee "a_lab1_polling_basic.elf.size"
   text	   data	    bss	    dec	    hex	filename
   8236	    684	   3112	  12032	   2f00	a_lab1_polling_basic.elf
'Finished building: a_lab1_polling_basic.elf.size'
' '

01:43:18 Build Finished (took 966ms)

