01:37:12 INFO  : Registering command handlers for SDK TCF services
01:37:12 INFO  : Launching XSCT server: xsct.bat -interactive C:\Users\Lello\Desktop\AES\temp_xsdb_launch_script.tcl
01:37:14 INFO  : XSCT server has started successfully.
01:37:15 INFO  : Successfully done setting XSCT server connection channel  
01:37:15 INFO  : Successfully done setting SDK workspace  
01:37:53 INFO  : Project 'design_1_wrapper_hw_platform_0' created. You can now create BSPs and application projects targeting this hardware platform.
01:43:01 INFO  : Connected to target on host '127.0.0.1' and port '3121'.
01:43:02 INFO  : 'targets -set -filter {jtag_cable_name =~ "Digilent Zybo Z7 210351B0FC9BA" && level==0} -index 1' command is executed.
01:43:04 INFO  : FPGA configured successfully with bitstream "C:/Users/Lello/Desktop/AES/design_1_wrapper_hw_platform_0/download.bit"
01:43:18 INFO  : 'targets -set -filter {jtag_cable_name =~ "Digilent Zybo Z7 210351B0FC9BA" && level==0} -index 1' command is executed.
01:43:18 INFO  : 'fpga -state' command is executed.
01:43:18 INFO  : Connected to target on host '127.0.0.1' and port '3121'.
01:43:18 INFO  : Jtag cable 'Digilent Zybo Z7 210351B0FC9BA' is selected.
01:43:18 INFO  : 'jtag frequency' command is executed.
01:43:18 INFO  : Context for 'APU' is selected.
01:43:18 INFO  : Hardware design information is loaded from 'C:/Users/Lello/Desktop/AES/design_1_wrapper_hw_platform_0/system.hdf'.
01:43:18 INFO  : 'configparams force-mem-access 1' command is executed.
01:43:18 INFO  : 'configparams mdm-detect-bscan-mask 2' command is executed.
01:43:18 INFO  : Context for processor 'microblaze_0' is selected.
01:43:19 INFO  : Processor reset is completed for 'microblaze_0'.
01:43:19 INFO  : Context for processor 'microblaze_0' is selected.
01:43:19 INFO  : The application 'C:/Users/Lello/Desktop/AES/a_lab1_polling_basic/Debug/a_lab1_polling_basic.elf' is downloaded to processor 'microblaze_0'.
01:43:19 INFO  : 'configparams force-mem-access 0' command is executed.
01:43:19 INFO  : ----------------XSDB Script----------------
connect -url tcp:127.0.0.1:3121
targets -set -nocase -filter {name =~"APU*" && jtag_cable_name =~ "Digilent Zybo Z7 210351B0FC9BA"} -index 0
loadhw -hw C:/Users/Lello/Desktop/AES/design_1_wrapper_hw_platform_0/system.hdf -mem-ranges [list {0x40000000 0xbfffffff}]
configparams force-mem-access 1
configparams mdm-detect-bscan-mask 2
targets -set -nocase -filter {name =~ "microblaze*#0" && bscan=="USER2"  && jtag_cable_name =~ "Digilent Zybo Z7 210351B0FC9BA"} -index 1
rst -processor
targets -set -nocase -filter {name =~ "microblaze*#0" && bscan=="USER2"  && jtag_cable_name =~ "Digilent Zybo Z7 210351B0FC9BA"} -index 1
dow C:/Users/Lello/Desktop/AES/a_lab1_polling_basic/Debug/a_lab1_polling_basic.elf
configparams force-mem-access 0
----------------End of Script----------------

01:43:19 INFO  : Memory regions updated for context MicroBlaze #0
01:43:19 INFO  : Memory regions updated for context MicroBlaze #0
01:43:19 INFO  : Context for processor 'microblaze_0' is selected.
01:43:19 INFO  : 'con' command is executed.
01:43:19 INFO  : ----------------XSDB Script (After Launch)----------------
targets -set -nocase -filter {name =~ "microblaze*#0" && bscan=="USER2"  && jtag_cable_name =~ "Digilent Zybo Z7 210351B0FC9BA"} -index 1
con
----------------End of Script----------------

01:43:19 INFO  : Launch script is exported to file 'C:\Users\Lello\Desktop\AES\.sdk\launch_scripts\xilinx_c-c++_application_(system_debugger)\system_debugger_using_debug_a_lab1_polling_basic.elf_on_local.tcl'
01:43:46 INFO  : Disconnected from the channel tcfchan#1.
01:43:47 INFO  : 'targets -set -filter {jtag_cable_name =~ "Digilent Zybo Z7 210351B0FC9BA" && level==0} -index 1' command is executed.
01:43:47 INFO  : 'fpga -state' command is executed.
01:43:47 INFO  : Connected to target on host '127.0.0.1' and port '3121'.
01:43:47 INFO  : Jtag cable 'Digilent Zybo Z7 210351B0FC9BA' is selected.
01:43:47 INFO  : 'jtag frequency' command is executed.
01:43:47 INFO  : Context for 'APU' is selected.
01:43:47 INFO  : Hardware design information is loaded from 'C:/Users/Lello/Desktop/AES/design_1_wrapper_hw_platform_0/system.hdf'.
01:43:47 INFO  : 'configparams force-mem-access 1' command is executed.
01:43:47 INFO  : 'configparams mdm-detect-bscan-mask 2' command is executed.
01:43:47 INFO  : Context for processor 'microblaze_0' is selected.
01:43:47 INFO  : Processor reset is completed for 'microblaze_0'.
01:43:47 INFO  : Context for processor 'microblaze_0' is selected.
01:43:47 INFO  : The application 'C:/Users/Lello/Desktop/AES/b_lab1_interrupt_part1/Debug/b_lab1_interrupt_part1.elf' is downloaded to processor 'microblaze_0'.
01:43:47 INFO  : 'configparams force-mem-access 0' command is executed.
01:43:47 INFO  : ----------------XSDB Script----------------
connect -url tcp:127.0.0.1:3121
targets -set -nocase -filter {name =~"APU*" && jtag_cable_name =~ "Digilent Zybo Z7 210351B0FC9BA"} -index 0
loadhw -hw C:/Users/Lello/Desktop/AES/design_1_wrapper_hw_platform_0/system.hdf -mem-ranges [list {0x40000000 0xbfffffff}]
configparams force-mem-access 1
configparams mdm-detect-bscan-mask 2
targets -set -nocase -filter {name =~ "microblaze*#0" && bscan=="USER2"  && jtag_cable_name =~ "Digilent Zybo Z7 210351B0FC9BA"} -index 1
rst -processor
targets -set -nocase -filter {name =~ "microblaze*#0" && bscan=="USER2"  && jtag_cable_name =~ "Digilent Zybo Z7 210351B0FC9BA"} -index 1
dow C:/Users/Lello/Desktop/AES/b_lab1_interrupt_part1/Debug/b_lab1_interrupt_part1.elf
configparams force-mem-access 0
----------------End of Script----------------

01:43:47 INFO  : Memory regions updated for context MicroBlaze #0
01:43:47 INFO  : Memory regions updated for context MicroBlaze #0
01:43:47 INFO  : Context for processor 'microblaze_0' is selected.
01:43:47 INFO  : 'con' command is executed.
01:43:47 INFO  : ----------------XSDB Script (After Launch)----------------
targets -set -nocase -filter {name =~ "microblaze*#0" && bscan=="USER2"  && jtag_cable_name =~ "Digilent Zybo Z7 210351B0FC9BA"} -index 1
con
----------------End of Script----------------

01:43:47 INFO  : Launch script is exported to file 'C:\Users\Lello\Desktop\AES\.sdk\launch_scripts\xilinx_c-c++_application_(system_debugger)\system_debugger_using_debug_b_lab1_interrupt_part1.elf_on_local.tcl'
01:44:32 INFO  : Disconnected from the channel tcfchan#2.
01:44:34 INFO  : 'targets -set -filter {jtag_cable_name =~ "Digilent Zybo Z7 210351B0FC9BA" && level==0} -index 1' command is executed.
01:44:34 INFO  : 'fpga -state' command is executed.
01:44:34 INFO  : Connected to target on host '127.0.0.1' and port '3121'.
01:44:34 INFO  : Jtag cable 'Digilent Zybo Z7 210351B0FC9BA' is selected.
01:44:34 INFO  : 'jtag frequency' command is executed.
01:44:34 INFO  : Context for 'APU' is selected.
01:44:34 INFO  : Hardware design information is loaded from 'C:/Users/Lello/Desktop/AES/design_1_wrapper_hw_platform_0/system.hdf'.
01:44:34 INFO  : 'configparams force-mem-access 1' command is executed.
01:44:34 INFO  : 'configparams mdm-detect-bscan-mask 2' command is executed.
01:44:34 INFO  : Context for processor 'microblaze_0' is selected.
01:44:34 INFO  : Processor reset is completed for 'microblaze_0'.
01:44:34 INFO  : Context for processor 'microblaze_0' is selected.
01:44:34 INFO  : The application 'C:/Users/Lello/Desktop/AES/c_lab1_interrupt_part2/Debug/c_lab1_interrupt_part2.elf' is downloaded to processor 'microblaze_0'.
01:44:34 INFO  : 'configparams force-mem-access 0' command is executed.
01:44:34 INFO  : ----------------XSDB Script----------------
connect -url tcp:127.0.0.1:3121
targets -set -nocase -filter {name =~"APU*" && jtag_cable_name =~ "Digilent Zybo Z7 210351B0FC9BA"} -index 0
loadhw -hw C:/Users/Lello/Desktop/AES/design_1_wrapper_hw_platform_0/system.hdf -mem-ranges [list {0x40000000 0xbfffffff}]
configparams force-mem-access 1
configparams mdm-detect-bscan-mask 2
targets -set -nocase -filter {name =~ "microblaze*#0" && bscan=="USER2"  && jtag_cable_name =~ "Digilent Zybo Z7 210351B0FC9BA"} -index 1
rst -processor
targets -set -nocase -filter {name =~ "microblaze*#0" && bscan=="USER2"  && jtag_cable_name =~ "Digilent Zybo Z7 210351B0FC9BA"} -index 1
dow C:/Users/Lello/Desktop/AES/c_lab1_interrupt_part2/Debug/c_lab1_interrupt_part2.elf
configparams force-mem-access 0
----------------End of Script----------------

01:44:34 INFO  : Memory regions updated for context MicroBlaze #0
01:44:34 INFO  : Memory regions updated for context MicroBlaze #0
01:44:34 INFO  : Context for processor 'microblaze_0' is selected.
01:44:34 INFO  : 'con' command is executed.
01:44:34 INFO  : ----------------XSDB Script (After Launch)----------------
targets -set -nocase -filter {name =~ "microblaze*#0" && bscan=="USER2"  && jtag_cable_name =~ "Digilent Zybo Z7 210351B0FC9BA"} -index 1
con
----------------End of Script----------------

01:44:34 INFO  : Launch script is exported to file 'C:\Users\Lello\Desktop\AES\.sdk\launch_scripts\xilinx_c-c++_application_(system_debugger)\system_debugger_using_debug_c_lab1_interrupt_part2.elf_on_local.tcl'
01:47:38 INFO  : Disconnected from the channel tcfchan#3.
