#-----------------------------------------------------------
# Webtalk v2019.1 (64-bit)
# SW Build 2552052 on Fri May 24 14:49:42 MDT 2019
# 
# Start of session at: Sat Nov  8 01:47:39 2025
# Process ID: 21900
# Current directory: C:/Users/Lello/Desktop/AES/webtalk
# Command line: wbtcv.exe -mode batch -source sdk_webtalk.tcl
# Log file: C:/Users/Lello/Desktop/AES/webtalk/webtalk.log
# Journal file: C:/Users/Lello/Desktop/AES/webtalk\webtalk.jou
#-----------------------------------------------------------
source sdk_webtalk.tcl
# webtalk_init -webtalk_dir C:\\Users\\Lello\\Desktop\\AES\\webtalk
# webtalk_register_client -client project
# webtalk_add_data -client project -key date_generated -value "2025-11-08 01:47:38" -context "software_version_and_target_device"
# webtalk_add_data -client project -key product_version -value "SDK v2019.1" -context "software_version_and_target_device"
# webtalk_add_data -client project -key build_version -value "2019.1" -context "software_version_and_target_device"
# webtalk_add_data -client project -key os_platform -value "amd64" -context "software_version_and_target_device"
# webtalk_add_data -client project -key registration_id -value "" -context "software_version_and_target_device"
# webtalk_add_data -client project -key tool_flow -value "SDK" -context "software_version_and_target_device"
# webtalk_add_data -client project -key beta -value "false" -context "software_version_and_target_device"
# webtalk_add_data -client project -key route_design -value "NA" -context "software_version_and_target_device"
# webtalk_add_data -client project -key target_family -value "NA" -context "software_version_and_target_device"
# webtalk_add_data -client project -key target_device -value "NA" -context "software_version_and_target_device"
# webtalk_add_data -client project -key target_package -value "NA" -context "software_version_and_target_device"
# webtalk_add_data -client project -key target_speed -value "NA" -context "software_version_and_target_device"
# webtalk_add_data -client project -key random_id -value "37s58hmmm4fo55ccru6dkfjos4" -context "software_version_and_target_device"
# webtalk_add_data -client project -key project_id -value "2019.1_7" -context "software_version_and_target_device"
# webtalk_add_data -client project -key project_iteration -value "7" -context "software_version_and_target_device"
# webtalk_add_data -client project -key os_name -value "Microsoft Windows 8 or later , 64-bit" -context "user_environment"
# webtalk_add_data -client project -key os_release -value "major release  (build 9200)" -context "user_environment"
# webtalk_add_data -client project -key cpu_name -value "Intel(R) Core(TM) i7-8700K CPU @ 3.70GHz" -context "user_environment"
# webtalk_add_data -client project -key cpu_speed -value "3696 MHz" -context "user_environment"
# webtalk_add_data -client project -key total_processors -value "1" -context "user_environment"
# webtalk_add_data -client project -key system_ram -value "34.200 GB" -context "user_environment"
# webtalk_register_client -client sdk
# webtalk_add_data -client sdk -key uid -value "1762562273405" -context "sdk\\\\hardware/1762562273405"
# webtalk_add_data -client sdk -key isZynq -value "true" -context "sdk\\\\hardware/1762562273405"
# webtalk_add_data -client sdk -key isZynqMP -value "false" -context "sdk\\\\hardware/1762562273405"
# webtalk_add_data -client sdk -key Processors -value "1" -context "sdk\\\\hardware/1762562273405"
# webtalk_add_data -client sdk -key VivadoVersion -value "2019.1" -context "sdk\\\\hardware/1762562273405"
# webtalk_add_data -client sdk -key Arch -value "zynq" -context "sdk\\\\hardware/1762562273405"
# webtalk_add_data -client sdk -key Device -value "7z010" -context "sdk\\\\hardware/1762562273405"
# webtalk_add_data -client sdk -key IsHandoff -value "true" -context "sdk\\\\hardware/1762562273405"
# webtalk_add_data -client sdk -key os -value "NA" -context "sdk\\\\hardware/1762562273405"
# webtalk_add_data -client sdk -key apptemplate -value "NA" -context "sdk\\\\hardware/1762562273405"
# webtalk_add_data -client sdk -key RecordType -value "HWCreation" -context "sdk\\\\hardware/1762562273405"
# webtalk_add_data -client sdk -key uid -value "1762562307587" -context "sdk\\\\bsp/1762562307587"
# webtalk_add_data -client sdk -key hwid -value "1762562273405" -context "sdk\\\\bsp/1762562307587"
# webtalk_add_data -client sdk -key os -value "standalone" -context "sdk\\\\bsp/1762562307587"
# webtalk_add_data -client sdk -key apptemplate -value "hello_world" -context "sdk\\\\bsp/1762562307587"
# webtalk_add_data -client sdk -key RecordType -value "BSPCreation" -context "sdk\\\\bsp/1762562307587"
# webtalk_add_data -client sdk -key uid -value "1762562309775" -context "sdk\\\\application/1762562309775"
# webtalk_add_data -client sdk -key hwid -value "1762562273405" -context "sdk\\\\application/1762562309775"
# webtalk_add_data -client sdk -key bspid -value "1762562307587" -context "sdk\\\\application/1762562309775"
# webtalk_add_data -client sdk -key newbsp -value "true" -context "sdk\\\\application/1762562309775"
# webtalk_add_data -client sdk -key os -value "standalone" -context "sdk\\\\application/1762562309775"
# webtalk_add_data -client sdk -key apptemplate -value "hello_world" -context "sdk\\\\application/1762562309775"
# webtalk_add_data -client sdk -key RecordType -value "APPCreation" -context "sdk\\\\application/1762562309775"
# webtalk_add_data -client sdk -key LangUsed -value "C" -context "sdk\\\\application/1762562309775"
# webtalk_add_data -client sdk -key Procused -value "microblaze" -context "sdk\\\\application/1762562309775"
# webtalk_add_data -client sdk -key projSize -value "87.65625" -context "sdk\\\\application/1762562309775"
# webtalk_add_data -client sdk -key uid -value "1762562412257" -context "sdk\\\\bsp/1762562412257"
# webtalk_add_data -client sdk -key hwid -value "1762562273405" -context "sdk\\\\bsp/1762562412257"
# webtalk_add_data -client sdk -key os -value "standalone" -context "sdk\\\\bsp/1762562412257"
# webtalk_add_data -client sdk -key apptemplate -value "hello_world" -context "sdk\\\\bsp/1762562412257"
# webtalk_add_data -client sdk -key RecordType -value "BSPCreation" -context "sdk\\\\bsp/1762562412257"
# webtalk_add_data -client sdk -key uid -value "1762562414025" -context "sdk\\\\application/1762562414025"
# webtalk_add_data -client sdk -key hwid -value "1762562273405" -context "sdk\\\\application/1762562414025"
# webtalk_add_data -client sdk -key bspid -value "1762562412257" -context "sdk\\\\application/1762562414025"
# webtalk_add_data -client sdk -key newbsp -value "true" -context "sdk\\\\application/1762562414025"
# webtalk_add_data -client sdk -key os -value "standalone" -context "sdk\\\\application/1762562414025"
# webtalk_add_data -client sdk -key apptemplate -value "hello_world" -context "sdk\\\\application/1762562414025"
# webtalk_add_data -client sdk -key RecordType -value "APPCreation" -context "sdk\\\\application/1762562414025"
# webtalk_add_data -client sdk -key LangUsed -value "C" -context "sdk\\\\application/1762562414025"
# webtalk_add_data -client sdk -key Procused -value "microblaze" -context "sdk\\\\application/1762562414025"
# webtalk_add_data -client sdk -key projSize -value "95.60546875" -context "sdk\\\\application/1762562414025"
# webtalk_add_data -client sdk -key uid -value "1762562478260" -context "sdk\\\\bsp/1762562478260"
# webtalk_add_data -client sdk -key hwid -value "1762562273405" -context "sdk\\\\bsp/1762562478260"
# webtalk_add_data -client sdk -key os -value "standalone" -context "sdk\\\\bsp/1762562478260"
# webtalk_add_data -client sdk -key apptemplate -value "hello_world" -context "sdk\\\\bsp/1762562478260"
# webtalk_add_data -client sdk -key RecordType -value "BSPCreation" -context "sdk\\\\bsp/1762562478260"
# webtalk_add_data -client sdk -key uid -value "1762562479974" -context "sdk\\\\application/1762562479974"
# webtalk_add_data -client sdk -key hwid -value "1762562273405" -context "sdk\\\\application/1762562479974"
# webtalk_add_data -client sdk -key bspid -value "1762562478260" -context "sdk\\\\application/1762562479974"
# webtalk_add_data -client sdk -key newbsp -value "true" -context "sdk\\\\application/1762562479974"
# webtalk_add_data -client sdk -key os -value "standalone" -context "sdk\\\\application/1762562479974"
# webtalk_add_data -client sdk -key apptemplate -value "hello_world" -context "sdk\\\\application/1762562479974"
# webtalk_add_data -client sdk -key RecordType -value "APPCreation" -context "sdk\\\\application/1762562479974"
# webtalk_add_data -client sdk -key LangUsed -value "C" -context "sdk\\\\application/1762562479974"
# webtalk_add_data -client sdk -key Procused -value "microblaze" -context "sdk\\\\application/1762562479974"
# webtalk_add_data -client sdk -key projSize -value "99.5" -context "sdk\\\\application/1762562479974"
# webtalk_add_data -client sdk -key uid -value "1762562517430" -context "sdk\\\\bsp/1762562517430"
# webtalk_add_data -client sdk -key hwid -value "1762562273405" -context "sdk\\\\bsp/1762562517430"
# webtalk_add_data -client sdk -key os -value "standalone" -context "sdk\\\\bsp/1762562517430"
# webtalk_add_data -client sdk -key apptemplate -value "hello_world" -context "sdk\\\\bsp/1762562517430"
# webtalk_add_data -client sdk -key RecordType -value "BSPCreation" -context "sdk\\\\bsp/1762562517430"
# webtalk_add_data -client sdk -key uid -value "1762562519194" -context "sdk\\\\application/1762562519194"
# webtalk_add_data -client sdk -key hwid -value "1762562273405" -context "sdk\\\\application/1762562519194"
# webtalk_add_data -client sdk -key bspid -value "1762562517430" -context "sdk\\\\application/1762562519194"
# webtalk_add_data -client sdk -key newbsp -value "true" -context "sdk\\\\application/1762562519194"
# webtalk_add_data -client sdk -key os -value "standalone" -context "sdk\\\\application/1762562519194"
# webtalk_add_data -client sdk -key apptemplate -value "hello_world" -context "sdk\\\\application/1762562519194"
# webtalk_add_data -client sdk -key RecordType -value "APPCreation" -context "sdk\\\\application/1762562519194"
# webtalk_add_data -client sdk -key LangUsed -value "C" -context "sdk\\\\application/1762562519194"
# webtalk_add_data -client sdk -key Procused -value "microblaze" -context "sdk\\\\application/1762562519194"
# webtalk_add_data -client sdk -key projSize -value "99.578125" -context "sdk\\\\application/1762562519194"
# webtalk_add_data -client sdk -key uid -value "NA" -context "sdk\\\\bsp/1762562858560"
# webtalk_add_data -client sdk -key RecordType -value "ToolUsage" -context "sdk\\\\bsp/1762562858560"
# webtalk_add_data -client sdk -key BootgenCount -value "0" -context "sdk\\\\bsp/1762562858560"
# webtalk_add_data -client sdk -key DebugCount -value "3" -context "sdk\\\\bsp/1762562858560"
# webtalk_add_data -client sdk -key PerfCount -value "0" -context "sdk\\\\bsp/1762562858560"
# webtalk_add_data -client sdk -key FlashCount -value "0" -context "sdk\\\\bsp/1762562858560"
# webtalk_add_data -client sdk -key CrossTriggCount -value "0" -context "sdk\\\\bsp/1762562858560"
# webtalk_add_data -client sdk -key QemuDebugCount -value "0" -context "sdk\\\\bsp/1762562858560"
# webtalk_transmit -clientid 233199745 -regid "" -xml C:\\Users\\Lello\\Desktop\\AES\\webtalk\\usage_statistics_ext_sdk.xml -html C:\\Users\\Lello\\Desktop\\AES\\webtalk\\usage_statistics_ext_sdk.html -wdm C:\\Users\\Lello\\Desktop\\AES\\webtalk\\sdk_webtalk.wdm -intro "<H3>SDK Usage Report</H3><BR>"
# webtalk_terminate
INFO: [Common 17-206] Exiting Webtalk at Sat Nov  8 01:47:50 2025...
