#-----------------------------------------------------------
# Webtalk v2019.1 (64-bit)
# SW Build 2552052 on Fri May 24 14:49:42 MDT 2019
# 
# Start of session at: Sun Jan 18 21:34:54 2026
# Process ID: 23868
# Current directory: C:/Users/Lello/Desktop/AES/lab5_2/mnist_from_uart-main/image_uart_Z7/image_uart_Z7.sdk/webtalk
# Command line: wbtcv.exe -mode batch -source sdk_webtalk.tcl
# Log file: C:/Users/Lello/Desktop/AES/lab5_2/mnist_from_uart-main/image_uart_Z7/image_uart_Z7.sdk/webtalk/webtalk.log
# Journal file: C:/Users/Lello/Desktop/AES/lab5_2/mnist_from_uart-main/image_uart_Z7/image_uart_Z7.sdk/webtalk\webtalk.jou
#-----------------------------------------------------------
source sdk_webtalk.tcl
# webtalk_init -webtalk_dir C:\\Users\\Lello\\Desktop\\AES\\lab5_2\\mnist_from_uart-main\\image_uart_Z7\\image_uart_Z7.sdk\\webtalk
# webtalk_register_client -client project
# webtalk_add_data -client project -key date_generated -value "2026-01-18 21:34:53" -context "software_version_and_target_device"
# webtalk_add_data -client project -key product_version -value "SDK v2019.1" -context "software_version_and_target_device"
# webtalk_add_data -client project -key build_version -value "2019.1" -context "software_version_and_target_device"
# webtalk_add_data -client project -key os_platform -value "amd64" -context "software_version_and_target_device"
# webtalk_add_data -client project -key registration_id -value "" -context "software_version_and_target_device"
# webtalk_add_data -client project -key tool_flow -value "SDK" -context "software_version_and_target_device"
# webtalk_add_data -client project -key beta -value "false" -context "software_version_and_target_device"
# webtalk_add_data -client project -key route_design -value "NA" -context "software_version_and_target_device"
# webtalk_add_data -client project -key target_family -value "NA" -context "software_version_and_target_device"
# webtalk_add_data -client project -key target_device -value "NA" -context "software_version_and_target_device"
# webtalk_add_data -client project -key target_package -value "NA" -context "software_version_and_target_device"
# webtalk_add_data -client project -key target_speed -value "NA" -context "software_version_and_target_device"
# webtalk_add_data -client project -key random_id -value "5n4l0kqmo1cj4i5vpn9treo9a0" -context "software_version_and_target_device"
# webtalk_add_data -client project -key project_id -value "2019.1_20" -context "software_version_and_target_device"
# webtalk_add_data -client project -key project_iteration -value "20" -context "software_version_and_target_device"
# webtalk_add_data -client project -key os_name -value "Microsoft Windows 8 or later , 64-bit" -context "user_environment"
# webtalk_add_data -client project -key os_release -value "major release  (build 9200)" -context "user_environment"
# webtalk_add_data -client project -key cpu_name -value "Intel(R) Core(TM) i7-8700K CPU @ 3.70GHz" -context "user_environment"
# webtalk_add_data -client project -key cpu_speed -value "3696 MHz" -context "user_environment"
# webtalk_add_data -client project -key total_processors -value "1" -context "user_environment"
# webtalk_add_data -client project -key system_ram -value "34.200 GB" -context "user_environment"
# webtalk_register_client -client sdk
# webtalk_add_data -client sdk -key uid -value "1768760749104" -context "sdk\\\\bsp/1768760749104"
# webtalk_add_data -client sdk -key hwid -value "1636393994000" -context "sdk\\\\bsp/1768760749104"
# webtalk_add_data -client sdk -key os -value "standalone" -context "sdk\\\\bsp/1768760749104"
# webtalk_add_data -client sdk -key apptemplate -value "hello_world" -context "sdk\\\\bsp/1768760749104"
# webtalk_add_data -client sdk -key RecordType -value "BSPCreation" -context "sdk\\\\bsp/1768760749104"
# webtalk_add_data -client sdk -key uid -value "1768760751317" -context "sdk\\\\application/1768760751317"
# webtalk_add_data -client sdk -key hwid -value "1636393994000" -context "sdk\\\\application/1768760751317"
# webtalk_add_data -client sdk -key bspid -value "1768760749104" -context "sdk\\\\application/1768760751317"
# webtalk_add_data -client sdk -key newbsp -value "true" -context "sdk\\\\application/1768760751317"
# webtalk_add_data -client sdk -key os -value "standalone" -context "sdk\\\\application/1768760751317"
# webtalk_add_data -client sdk -key apptemplate -value "hello_world" -context "sdk\\\\application/1768760751317"
# webtalk_add_data -client sdk -key RecordType -value "APPCreation" -context "sdk\\\\application/1768760751317"
# webtalk_add_data -client sdk -key LangUsed -value "C" -context "sdk\\\\application/1768760751317"
# webtalk_add_data -client sdk -key Procused -value "ps7_cortexa9" -context "sdk\\\\application/1768760751317"
# webtalk_add_data -client sdk -key projSize -value "552.24609375" -context "sdk\\\\application/1768760751317"
# webtalk_add_data -client sdk -key uid -value "1768760776813" -context "sdk\\\\bsp/1768760776813"
# webtalk_add_data -client sdk -key hwid -value "1636393994000" -context "sdk\\\\bsp/1768760776813"
# webtalk_add_data -client sdk -key os -value "standalone" -context "sdk\\\\bsp/1768760776813"
# webtalk_add_data -client sdk -key apptemplate -value "hello_world" -context "sdk\\\\bsp/1768760776813"
# webtalk_add_data -client sdk -key RecordType -value "BSPCreation" -context "sdk\\\\bsp/1768760776813"
# webtalk_add_data -client sdk -key uid -value "1768760780423" -context "sdk\\\\application/1768760780423"
# webtalk_add_data -client sdk -key hwid -value "1636393994000" -context "sdk\\\\application/1768760780423"
# webtalk_add_data -client sdk -key bspid -value "1768760776813" -context "sdk\\\\application/1768760780423"
# webtalk_add_data -client sdk -key newbsp -value "true" -context "sdk\\\\application/1768760780423"
# webtalk_add_data -client sdk -key os -value "standalone" -context "sdk\\\\application/1768760780423"
# webtalk_add_data -client sdk -key apptemplate -value "hello_world" -context "sdk\\\\application/1768760780423"
# webtalk_add_data -client sdk -key RecordType -value "APPCreation" -context "sdk\\\\application/1768760780423"
# webtalk_add_data -client sdk -key LangUsed -value "C" -context "sdk\\\\application/1768760780423"
# webtalk_add_data -client sdk -key Procused -value "ps7_cortexa9" -context "sdk\\\\application/1768760780423"
# webtalk_add_data -client sdk -key projSize -value "682.34375" -context "sdk\\\\application/1768760780423"
# webtalk_add_data -client sdk -key uid -value "1768763135919" -context "sdk\\\\bsp/1768763135919"
# webtalk_add_data -client sdk -key hwid -value "1636393994000" -context "sdk\\\\bsp/1768763135919"
# webtalk_add_data -client sdk -key os -value "standalone" -context "sdk\\\\bsp/1768763135919"
# webtalk_add_data -client sdk -key apptemplate -value "hello_world" -context "sdk\\\\bsp/1768763135919"
# webtalk_add_data -client sdk -key RecordType -value "BSPCreation" -context "sdk\\\\bsp/1768763135919"
# webtalk_add_data -client sdk -key uid -value "1768763137903" -context "sdk\\\\application/1768763137903"
# webtalk_add_data -client sdk -key hwid -value "1636393994000" -context "sdk\\\\application/1768763137903"
# webtalk_add_data -client sdk -key bspid -value "1768763135919" -context "sdk\\\\application/1768763137903"
# webtalk_add_data -client sdk -key newbsp -value "true" -context "sdk\\\\application/1768763137903"
# webtalk_add_data -client sdk -key os -value "standalone" -context "sdk\\\\application/1768763137903"
# webtalk_add_data -client sdk -key apptemplate -value "hello_world" -context "sdk\\\\application/1768763137903"
# webtalk_add_data -client sdk -key RecordType -value "APPCreation" -context "sdk\\\\application/1768763137903"
# webtalk_add_data -client sdk -key LangUsed -value "C" -context "sdk\\\\application/1768763137903"
# webtalk_add_data -client sdk -key Procused -value "ps7_cortexa9" -context "sdk\\\\application/1768763137903"
# webtalk_add_data -client sdk -key uid -value "1768763558873" -context "sdk\\\\bsp/1768763558873"
# webtalk_add_data -client sdk -key hwid -value "1636393994000" -context "sdk\\\\bsp/1768763558873"
# webtalk_add_data -client sdk -key os -value "standalone" -context "sdk\\\\bsp/1768763558873"
# webtalk_add_data -client sdk -key apptemplate -value "hello_world" -context "sdk\\\\bsp/1768763558873"
# webtalk_add_data -client sdk -key RecordType -value "BSPCreation" -context "sdk\\\\bsp/1768763558873"
# webtalk_add_data -client sdk -key uid -value "1768763560664" -context "sdk\\\\application/1768763560664"
# webtalk_add_data -client sdk -key hwid -value "1636393994000" -context "sdk\\\\application/1768763560664"
# webtalk_add_data -client sdk -key bspid -value "1768763558873" -context "sdk\\\\application/1768763560664"
# webtalk_add_data -client sdk -key newbsp -value "true" -context "sdk\\\\application/1768763560664"
# webtalk_add_data -client sdk -key os -value "standalone" -context "sdk\\\\application/1768763560664"
# webtalk_add_data -client sdk -key apptemplate -value "hello_world" -context "sdk\\\\application/1768763560664"
# webtalk_add_data -client sdk -key RecordType -value "APPCreation" -context "sdk\\\\application/1768763560664"
# webtalk_add_data -client sdk -key LangUsed -value "C" -context "sdk\\\\application/1768763560664"
# webtalk_add_data -client sdk -key Procused -value "ps7_cortexa9" -context "sdk\\\\application/1768763560664"
# webtalk_add_data -client sdk -key projSize -value "552.52734375" -context "sdk\\\\application/1768763560664"
# webtalk_add_data -client sdk -key uid -value "NA" -context "sdk\\\\bsp/1768768493039"
# webtalk_add_data -client sdk -key RecordType -value "ToolUsage" -context "sdk\\\\bsp/1768768493039"
# webtalk_add_data -client sdk -key BootgenCount -value "0" -context "sdk\\\\bsp/1768768493039"
# webtalk_add_data -client sdk -key DebugCount -value "13" -context "sdk\\\\bsp/1768768493039"
# webtalk_add_data -client sdk -key PerfCount -value "0" -context "sdk\\\\bsp/1768768493039"
# webtalk_add_data -client sdk -key FlashCount -value "0" -context "sdk\\\\bsp/1768768493039"
# webtalk_add_data -client sdk -key CrossTriggCount -value "0" -context "sdk\\\\bsp/1768768493039"
# webtalk_add_data -client sdk -key QemuDebugCount -value "0" -context "sdk\\\\bsp/1768768493039"
# webtalk_transmit -clientid 1470365798 -regid "" -xml C:\\Users\\Lello\\Desktop\\AES\\lab5_2\\mnist_from_uart-main\\image_uart_Z7\\image_uart_Z7.sdk\\webtalk\\usage_statistics_ext_sdk.xml -html C:\\Users\\Lello\\Desktop\\AES\\lab5_2\\mnist_from_uart-main\\image_uart_Z7\\image_uart_Z7.sdk\\webtalk\\usage_statistics_ext_sdk.html -wdm C:\\Users\\Lello\\Desktop\\AES\\lab5_2\\mnist_from_uart-main\\image_uart_Z7\\image_uart_Z7.sdk\\webtalk\\sdk_webtalk.wdm -intro "<H3>SDK Usage Report</H3><BR>"
# webtalk_terminate
INFO: [Common 17-206] Exiting Webtalk at Sun Jan 18 21:35:00 2026...
